<?xml version="1.0"?>
<link_info>
   <banner>MSP430 Linker PC v4.3.3</banner>
   <copyright>Copyright (c) 2003-2014 Texas Instruments Incorporated</copyright>
   <link_time>0x54663b2d</link_time>
   <link_errors>0x0</link_errors>
   <output_file>adc_OHv1.out</output_file>
   <entry_point>
      <name>_c_int00</name>
      <address>0xaddc</address>
   </entry_point>
   <input_file_list>
      <input_file id="fl-2">
         <path>.\</path>
         <kind>object</kind>
         <file>main.obj</file>
         <name>main.obj</name>
      </input_file>
      <input_file id="fl-30">
         <path>c:\ti\ccsv6\tools\compiler\msp430_4.3.3\lib\</path>
         <kind>archive</kind>
         <file>rts430_eabi.lib</file>
         <name>boot.obj</name>
      </input_file>
      <input_file id="fl-31">
         <path>c:\ti\ccsv6\tools\compiler\msp430_4.3.3\lib\</path>
         <kind>archive</kind>
         <file>rts430_eabi.lib</file>
         <name>copy_decompress_none.obj</name>
      </input_file>
      <input_file id="fl-32">
         <path>c:\ti\ccsv6\tools\compiler\msp430_4.3.3\lib\</path>
         <kind>archive</kind>
         <file>rts430_eabi.lib</file>
         <name>copy_decompress_rle.obj</name>
      </input_file>
      <input_file id="fl-33">
         <path>c:\ti\ccsv6\tools\compiler\msp430_4.3.3\lib\</path>
         <kind>archive</kind>
         <file>rts430_eabi.lib</file>
         <name>copy_zero_init.obj</name>
      </input_file>
      <input_file id="fl-34">
         <path>c:\ti\ccsv6\tools\compiler\msp430_4.3.3\lib\</path>
         <kind>archive</kind>
         <file>rts430_eabi.lib</file>
         <name>div16s.obj</name>
      </input_file>
      <input_file id="fl-35">
         <path>c:\ti\ccsv6\tools\compiler\msp430_4.3.3\lib\</path>
         <kind>archive</kind>
         <file>rts430_eabi.lib</file>
         <name>div16u.obj</name>
      </input_file>
      <input_file id="fl-36">
         <path>c:\ti\ccsv6\tools\compiler\msp430_4.3.3\lib\</path>
         <kind>archive</kind>
         <file>rts430_eabi.lib</file>
         <name>epilog.obj</name>
      </input_file>
      <input_file id="fl-37">
         <path>c:\ti\ccsv6\tools\compiler\msp430_4.3.3\lib\</path>
         <kind>archive</kind>
         <file>rts430_eabi.lib</file>
         <name>exit.obj</name>
      </input_file>
      <input_file id="fl-38">
         <path>c:\ti\ccsv6\tools\compiler\msp430_4.3.3\lib\</path>
         <kind>archive</kind>
         <file>rts430_eabi.lib</file>
         <name>fixdi.obj</name>
      </input_file>
      <input_file id="fl-39">
         <path>c:\ti\ccsv6\tools\compiler\msp430_4.3.3\lib\</path>
         <kind>archive</kind>
         <file>rts430_eabi.lib</file>
         <name>fixdli.obj</name>
      </input_file>
      <input_file id="fl-3a">
         <path>c:\ti\ccsv6\tools\compiler\msp430_4.3.3\lib\</path>
         <kind>archive</kind>
         <file>rts430_eabi.lib</file>
         <name>fltud.obj</name>
      </input_file>
      <input_file id="fl-3b">
         <path>c:\ti\ccsv6\tools\compiler\msp430_4.3.3\lib\</path>
         <kind>archive</kind>
         <file>rts430_eabi.lib</file>
         <name>fltuld.obj</name>
      </input_file>
      <input_file id="fl-3c">
         <path>c:\ti\ccsv6\tools\compiler\msp430_4.3.3\lib\</path>
         <kind>archive</kind>
         <file>rts430_eabi.lib</file>
         <name>int02.obj</name>
      </input_file>
      <input_file id="fl-3d">
         <path>c:\ti\ccsv6\tools\compiler\msp430_4.3.3\lib\</path>
         <kind>archive</kind>
         <file>rts430_eabi.lib</file>
         <name>int03.obj</name>
      </input_file>
      <input_file id="fl-3e">
         <path>c:\ti\ccsv6\tools\compiler\msp430_4.3.3\lib\</path>
         <kind>archive</kind>
         <file>rts430_eabi.lib</file>
         <name>int06.obj</name>
      </input_file>
      <input_file id="fl-3f">
         <path>c:\ti\ccsv6\tools\compiler\msp430_4.3.3\lib\</path>
         <kind>archive</kind>
         <file>rts430_eabi.lib</file>
         <name>int07.obj</name>
      </input_file>
      <input_file id="fl-40">
         <path>c:\ti\ccsv6\tools\compiler\msp430_4.3.3\lib\</path>
         <kind>archive</kind>
         <file>rts430_eabi.lib</file>
         <name>int08.obj</name>
      </input_file>
      <input_file id="fl-41">
         <path>c:\ti\ccsv6\tools\compiler\msp430_4.3.3\lib\</path>
         <kind>archive</kind>
         <file>rts430_eabi.lib</file>
         <name>int09.obj</name>
      </input_file>
      <input_file id="fl-42">
         <path>c:\ti\ccsv6\tools\compiler\msp430_4.3.3\lib\</path>
         <kind>archive</kind>
         <file>rts430_eabi.lib</file>
         <name>int10.obj</name>
      </input_file>
      <input_file id="fl-43">
         <path>c:\ti\ccsv6\tools\compiler\msp430_4.3.3\lib\</path>
         <kind>archive</kind>
         <file>rts430_eabi.lib</file>
         <name>int12.obj</name>
      </input_file>
      <input_file id="fl-44">
         <path>c:\ti\ccsv6\tools\compiler\msp430_4.3.3\lib\</path>
         <kind>archive</kind>
         <file>rts430_eabi.lib</file>
         <name>int13.obj</name>
      </input_file>
      <input_file id="fl-45">
         <path>c:\ti\ccsv6\tools\compiler\msp430_4.3.3\lib\</path>
         <kind>archive</kind>
         <file>rts430_eabi.lib</file>
         <name>int14.obj</name>
      </input_file>
      <input_file id="fl-46">
         <path>c:\ti\ccsv6\tools\compiler\msp430_4.3.3\lib\</path>
         <kind>archive</kind>
         <file>rts430_eabi.lib</file>
         <name>isr_trap.obj</name>
      </input_file>
      <input_file id="fl-47">
         <path>c:\ti\ccsv6\tools\compiler\msp430_4.3.3\lib\</path>
         <kind>archive</kind>
         <file>rts430_eabi.lib</file>
         <name>lsl16.obj</name>
      </input_file>
      <input_file id="fl-48">
         <path>c:\ti\ccsv6\tools\compiler\msp430_4.3.3\lib\</path>
         <kind>archive</kind>
         <file>rts430_eabi.lib</file>
         <name>lsl32.obj</name>
      </input_file>
      <input_file id="fl-49">
         <path>c:\ti\ccsv6\tools\compiler\msp430_4.3.3\lib\</path>
         <kind>archive</kind>
         <file>rts430_eabi.lib</file>
         <name>lsr16.obj</name>
      </input_file>
      <input_file id="fl-4a">
         <path>c:\ti\ccsv6\tools\compiler\msp430_4.3.3\lib\</path>
         <kind>archive</kind>
         <file>rts430_eabi.lib</file>
         <name>lsr32.obj</name>
      </input_file>
      <input_file id="fl-4b">
         <path>c:\ti\ccsv6\tools\compiler\msp430_4.3.3\lib\</path>
         <kind>archive</kind>
         <file>rts430_eabi.lib</file>
         <name>memcpy.obj</name>
      </input_file>
      <input_file id="fl-4c">
         <path>c:\ti\ccsv6\tools\compiler\msp430_4.3.3\lib\</path>
         <kind>archive</kind>
         <file>rts430_eabi.lib</file>
         <name>mpu_init.obj</name>
      </input_file>
      <input_file id="fl-4d">
         <path>c:\ti\ccsv6\tools\compiler\msp430_4.3.3\lib\</path>
         <kind>archive</kind>
         <file>rts430_eabi.lib</file>
         <name>mult16.obj</name>
      </input_file>
      <input_file id="fl-4e">
         <path>c:\ti\ccsv6\tools\compiler\msp430_4.3.3\lib\</path>
         <kind>archive</kind>
         <file>rts430_eabi.lib</file>
         <name>pow.obj</name>
      </input_file>
      <input_file id="fl-4f">
         <path>c:\ti\ccsv6\tools\compiler\msp430_4.3.3\lib\</path>
         <kind>archive</kind>
         <file>rts430_eabi.lib</file>
         <name>pre_init.obj</name>
      </input_file>
      <input_file id="fl-50">
         <path>c:\ti\ccsv6\tools\compiler\msp430_4.3.3\lib\</path>
         <kind>archive</kind>
         <file>rts430_eabi.lib</file>
         <name>subd.obj</name>
      </input_file>
      <input_file id="fl-51">
         <path>c:\ti\ccsv6\tools\compiler\msp430_4.3.3\lib\</path>
         <kind>archive</kind>
         <file>rts430_eabi.lib</file>
         <name>xdint.obj</name>
      </input_file>
      <input_file id="fl-52">
         <path>c:\ti\ccsv6\tools\compiler\msp430_4.3.3\lib\</path>
         <kind>archive</kind>
         <file>rts430_eabi.lib</file>
         <name>xdunscal.obj</name>
      </input_file>
      <input_file id="fl-53">
         <path>c:\ti\ccsv6\tools\compiler\msp430_4.3.3\lib\</path>
         <kind>archive</kind>
         <file>rts430_eabi.lib</file>
         <name>xexp.obj</name>
      </input_file>
      <input_file id="fl-54">
         <path>c:\ti\ccsv6\tools\compiler\msp430_4.3.3\lib\</path>
         <kind>archive</kind>
         <file>rts430_eabi.lib</file>
         <name>xferaise.obj</name>
      </input_file>
      <input_file id="fl-55">
         <path>c:\ti\ccsv6\tools\compiler\msp430_4.3.3\lib\</path>
         <kind>archive</kind>
         <file>rts430_eabi.lib</file>
         <name>xvalues.obj</name>
      </input_file>
      <input_file id="fl-56">
         <path>c:\ti\ccsv6\tools\compiler\msp430_4.3.3\lib\</path>
         <kind>archive</kind>
         <file>rts430_eabi.lib</file>
         <name>_lock.obj</name>
      </input_file>
      <input_file id="fl-57">
         <path>c:\ti\ccsv6\tools\compiler\msp430_4.3.3\lib\</path>
         <kind>archive</kind>
         <file>rts430_eabi.lib</file>
         <name>addd.obj</name>
      </input_file>
      <input_file id="fl-58">
         <path>c:\ti\ccsv6\tools\compiler\msp430_4.3.3\lib\</path>
         <kind>archive</kind>
         <file>rts430_eabi.lib</file>
         <name>args_main.obj</name>
      </input_file>
      <input_file id="fl-59">
         <path>c:\ti\ccsv6\tools\compiler\msp430_4.3.3\lib\</path>
         <kind>archive</kind>
         <file>rts430_eabi.lib</file>
         <name>asr16.obj</name>
      </input_file>
      <input_file id="fl-5a">
         <path>c:\ti\ccsv6\tools\compiler\msp430_4.3.3\lib\</path>
         <kind>archive</kind>
         <file>rts430_eabi.lib</file>
         <name>autoinit.obj</name>
      </input_file>
      <input_file id="fl-5b">
         <path>c:\ti\ccsv6\tools\compiler\msp430_4.3.3\lib\</path>
         <kind>archive</kind>
         <file>rts430_eabi.lib</file>
         <name>cmpd.obj</name>
      </input_file>
      <input_file id="fl-5c">
         <path>c:\ti\ccsv6\tools\compiler\msp430_4.3.3\lib\</path>
         <kind>archive</kind>
         <file>rts430_eabi.lib</file>
         <name>divd.obj</name>
      </input_file>
      <input_file id="fl-5d">
         <path>c:\ti\ccsv6\tools\compiler\msp430_4.3.3\lib\</path>
         <kind>archive</kind>
         <file>rts430_eabi.lib</file>
         <name>errno.obj</name>
      </input_file>
      <input_file id="fl-5e">
         <path>c:\ti\ccsv6\tools\compiler\msp430_4.3.3\lib\</path>
         <kind>archive</kind>
         <file>rts430_eabi.lib</file>
         <name>feraiseexcept.obj</name>
      </input_file>
      <input_file id="fl-5f">
         <path>c:\ti\ccsv6\tools\compiler\msp430_4.3.3\lib\</path>
         <kind>archive</kind>
         <file>rts430_eabi.lib</file>
         <name>fltid.obj</name>
      </input_file>
      <input_file id="fl-60">
         <path>c:\ti\ccsv6\tools\compiler\msp430_4.3.3\lib\</path>
         <kind>archive</kind>
         <file>rts430_eabi.lib</file>
         <name>fltlid.obj</name>
      </input_file>
      <input_file id="fl-61">
         <path>c:\ti\ccsv6\tools\compiler\msp430_4.3.3\lib\</path>
         <kind>archive</kind>
         <file>rts430_eabi.lib</file>
         <name>frcaddd.obj</name>
      </input_file>
      <input_file id="fl-62">
         <path>c:\ti\ccsv6\tools\compiler\msp430_4.3.3\lib\</path>
         <kind>archive</kind>
         <file>rts430_eabi.lib</file>
         <name>frcdivd.obj</name>
      </input_file>
      <input_file id="fl-63">
         <path>c:\ti\ccsv6\tools\compiler\msp430_4.3.3\lib\</path>
         <kind>archive</kind>
         <file>rts430_eabi.lib</file>
         <name>log.obj</name>
      </input_file>
      <input_file id="fl-64">
         <path>c:\ti\ccsv6\tools\compiler\msp430_4.3.3\lib\</path>
         <kind>archive</kind>
         <file>rts430_eabi.lib</file>
         <name>mpyd.obj</name>
      </input_file>
      <input_file id="fl-65">
         <path>c:\ti\ccsv6\tools\compiler\msp430_4.3.3\lib\</path>
         <kind>archive</kind>
         <file>rts430_eabi.lib</file>
         <name>mult32.obj</name>
      </input_file>
      <input_file id="fl-66">
         <path>c:\ti\ccsv6\tools\compiler\msp430_4.3.3\lib\</path>
         <kind>archive</kind>
         <file>rts430_eabi.lib</file>
         <name>negd.obj</name>
      </input_file>
      <input_file id="fl-67">
         <path>c:\ti\ccsv6\tools\compiler\msp430_4.3.3\lib\</path>
         <kind>archive</kind>
         <file>rts430_eabi.lib</file>
         <name>raise.obj</name>
      </input_file>
      <input_file id="fl-68">
         <path>c:\ti\ccsv6\tools\compiler\msp430_4.3.3\lib\</path>
         <kind>archive</kind>
         <file>rts430_eabi.lib</file>
         <name>renormd.obj</name>
      </input_file>
      <input_file id="fl-69">
         <path>c:\ti\ccsv6\tools\compiler\msp430_4.3.3\lib\</path>
         <kind>archive</kind>
         <file>rts430_eabi.lib</file>
         <name>signal.obj</name>
      </input_file>
      <input_file id="fl-6a">
         <path>c:\ti\ccsv6\tools\compiler\msp430_4.3.3\lib\</path>
         <kind>archive</kind>
         <file>rts430_eabi.lib</file>
         <name>xdnorm.obj</name>
      </input_file>
      <input_file id="fl-6b">
         <path>c:\ti\ccsv6\tools\compiler\msp430_4.3.3\lib\</path>
         <kind>archive</kind>
         <file>rts430_eabi.lib</file>
         <name>xdscale.obj</name>
      </input_file>
      <input_file id="fl-6c">
         <path>c:\ti\ccsv6\tools\compiler\msp430_4.3.3\lib\</path>
         <kind>archive</kind>
         <file>rts430_eabi.lib</file>
         <name>xlog.obj</name>
      </input_file>
      <input_file id="fl-6d">
         <path>c:\ti\ccsv6\tools\compiler\msp430_4.3.3\lib\</path>
         <kind>archive</kind>
         <file>rts430_eabi.lib</file>
         <name>asr32.obj</name>
      </input_file>
      <input_file id="fl-6e">
         <path>c:\ti\ccsv6\tools\compiler\msp430_4.3.3\lib\</path>
         <kind>archive</kind>
         <file>rts430_eabi.lib</file>
         <name>cvtfd.obj</name>
      </input_file>
      <input_file id="fl-6f">
         <path>c:\ti\ccsv6\tools\compiler\msp430_4.3.3\lib\</path>
         <kind>archive</kind>
         <file>rts430_eabi.lib</file>
         <name>frcmpyd.obj</name>
      </input_file>
      <input_file id="fl-70">
         <path>c:\ti\ccsv6\tools\compiler\msp430_4.3.3\lib\</path>
         <kind>archive</kind>
         <file>rts430_eabi.lib</file>
         <name>fs_neg.obj</name>
      </input_file>
      <input_file id="fl-71">
         <path>c:\ti\ccsv6\tools\compiler\msp430_4.3.3\lib\</path>
         <kind>archive</kind>
         <file>rts430_eabi.lib</file>
         <name>xfvalues.obj</name>
      </input_file>
   </input_file_list>
   <object_component_list>
      <object_component id="oc-50">
         <name>.stack</name>
         <uninitialized>true</uninitialized>
         <run_address>0x5b0</run_address>
         <size>0x2</size>
         <input_file_ref idref="fl-30"/>
      </object_component>
      <object_component id="oc-2f6">
         <name>.stack</name>
         <uninitialized>true</uninitialized>
         <run_address>0x5b0</run_address>
         <size>0x0</size>
      </object_component>
      <object_component id="oc-ef">
         <name>.text:pow</name>
         <load_address>0x8000</load_address>
         <run_address>0x8000</run_address>
         <size>0x6a4</size>
         <input_file_ref idref="fl-4e"/>
      </object_component>
      <object_component id="oc-1e8">
         <name>.text:__TI_frcdivd</name>
         <load_address>0x86a4</load_address>
         <run_address>0x86a4</run_address>
         <size>0x462</size>
         <input_file_ref idref="fl-62"/>
      </object_component>
      <object_component id="oc-1e0">
         <name>.text:_Log</name>
         <load_address>0x8b06</load_address>
         <run_address>0x8b06</run_address>
         <size>0x45a</size>
         <input_file_ref idref="fl-6c"/>
      </object_component>
      <object_component id="oc-174">
         <name>.text:_Exp</name>
         <load_address>0x8f60</load_address>
         <run_address>0x8f60</run_address>
         <size>0x39c</size>
         <input_file_ref idref="fl-53"/>
      </object_component>
      <object_component id="oc-1d4">
         <name>.text:__TI_frcmpyd</name>
         <load_address>0x92fc</load_address>
         <run_address>0x92fc</run_address>
         <size>0x2f4</size>
         <input_file_ref idref="fl-6f"/>
      </object_component>
      <object_component id="oc-144">
         <name>.text:__mspabi_addd</name>
         <load_address>0x95f0</load_address>
         <run_address>0x95f0</run_address>
         <size>0x2e8</size>
         <input_file_ref idref="fl-57"/>
      </object_component>
      <object_component id="oc-156">
         <name>.text:__mspabi_mpyd</name>
         <load_address>0x98d8</load_address>
         <run_address>0x98d8</run_address>
         <size>0x26e</size>
         <input_file_ref idref="fl-64"/>
      </object_component>
      <object_component id="oc-1c3">
         <name>.text:__TI_frcaddd</name>
         <load_address>0x9b46</load_address>
         <run_address>0x9b46</run_address>
         <size>0x260</size>
         <input_file_ref idref="fl-61"/>
      </object_component>
      <object_component id="oc-16e">
         <name>.text:__mspabi_divd</name>
         <load_address>0x9da6</load_address>
         <run_address>0x9da6</run_address>
         <size>0x238</size>
         <input_file_ref idref="fl-5c"/>
      </object_component>
      <object_component id="oc-1f6">
         <name>.text:_Dscale</name>
         <load_address>0x9fde</load_address>
         <run_address>0x9fde</run_address>
         <size>0x1b4</size>
         <input_file_ref idref="fl-6b"/>
      </object_component>
      <object_component id="oc-a4">
         <name>.text:send_blocks</name>
         <load_address>0xa192</load_address>
         <run_address>0xa192</run_address>
         <size>0x18c</size>
         <input_file_ref idref="fl-2"/>
      </object_component>
      <object_component id="oc-19e">
         <name>.text:_Dnorm</name>
         <load_address>0xa31e</load_address>
         <run_address>0xa31e</run_address>
         <size>0x110</size>
         <input_file_ref idref="fl-6a"/>
      </object_component>
      <object_component id="oc-12f">
         <name>.text:__mspabi_cmpd</name>
         <load_address>0xa42e</load_address>
         <run_address>0xa42e</run_address>
         <size>0xdc</size>
         <input_file_ref idref="fl-5b"/>
      </object_component>
      <object_component id="oc-129">
         <name>.text:_Dint</name>
         <load_address>0xa50a</load_address>
         <run_address>0xa50a</run_address>
         <size>0xcc</size>
         <input_file_ref idref="fl-51"/>
      </object_component>
      <object_component id="oc-227">
         <name>.text:__TI_renormd</name>
         <load_address>0xa5d6</load_address>
         <run_address>0xa5d6</run_address>
         <size>0xbe</size>
         <input_file_ref idref="fl-68"/>
      </object_component>
      <object_component id="oc-15c">
         <name>.text:__mspabi_fltlid</name>
         <load_address>0xa694</load_address>
         <run_address>0xa694</run_address>
         <size>0xa2</size>
         <input_file_ref idref="fl-60"/>
      </object_component>
      <object_component id="oc-11b">
         <name>.text:__mspabi_fltuld</name>
         <load_address>0xa736</load_address>
         <run_address>0xa736</run_address>
         <size>0x80</size>
         <input_file_ref idref="fl-3b"/>
      </object_component>
      <object_component id="oc-123">
         <name>.text:_Dunscale</name>
         <load_address>0xa7b6</load_address>
         <run_address>0xa7b6</run_address>
         <size>0x7c</size>
         <input_file_ref idref="fl-52"/>
      </object_component>
      <object_component id="oc-150">
         <name>.text:__mspabi_fixdli</name>
         <load_address>0xa832</load_address>
         <run_address>0xa832</run_address>
         <size>0x72</size>
         <input_file_ref idref="fl-39"/>
      </object_component>
      <object_component id="oc-250">
         <name>.text:__mspabi_cvtfd</name>
         <load_address>0xa8a4</load_address>
         <run_address>0xa8a4</run_address>
         <size>0x68</size>
         <input_file_ref idref="fl-6e"/>
      </object_component>
      <object_component id="oc-8c">
         <name>.text:__TI_decompress_rle_core</name>
         <load_address>0xa90c</load_address>
         <run_address>0xa90c</run_address>
         <size>0x5e</size>
         <input_file_ref idref="fl-32"/>
      </object_component>
      <object_component id="oc-65">
         <name>.text:_auto_init</name>
         <load_address>0xa96a</load_address>
         <run_address>0xa96a</run_address>
         <size>0x5e</size>
         <input_file_ref idref="fl-5a"/>
      </object_component>
      <object_component id="oc-190">
         <name>.text:l_lsr_const</name>
         <load_address>0xa9c8</load_address>
         <run_address>0xa9c8</run_address>
         <size>0x5c</size>
         <input_file_ref idref="fl-4a"/>
      </object_component>
      <object_component id="oc-e4">
         <name>.text</name>
         <load_address>0xaa24</load_address>
         <run_address>0xaa24</run_address>
         <size>0x4c</size>
         <input_file_ref idref="fl-49"/>
      </object_component>
      <object_component id="oc-23b">
         <name>.text:l_asr_const</name>
         <load_address>0xaa70</load_address>
         <run_address>0xaa70</run_address>
         <size>0x3e</size>
         <input_file_ref idref="fl-6d"/>
      </object_component>
      <object_component id="oc-186">
         <name>.text:l_lsl_const</name>
         <load_address>0xaaae</load_address>
         <run_address>0xaaae</run_address>
         <size>0x3e</size>
         <input_file_ref idref="fl-48"/>
      </object_component>
      <object_component id="oc-6b">
         <name>.text:main</name>
         <load_address>0xaaec</load_address>
         <run_address>0xaaec</run_address>
         <size>0x38</size>
         <input_file_ref idref="fl-2"/>
      </object_component>
      <object_component id="oc-273">
         <name>.text:signal</name>
         <load_address>0xab24</load_address>
         <run_address>0xab24</run_address>
         <size>0x38</size>
         <input_file_ref idref="fl-69"/>
      </object_component>
      <object_component id="oc-135">
         <name>.text:_Feraise</name>
         <load_address>0xab5c</load_address>
         <run_address>0xab5c</run_address>
         <size>0x32</size>
         <input_file_ref idref="fl-54"/>
      </object_component>
      <object_component id="oc-214">
         <name>.text:raise</name>
         <load_address>0xab8e</load_address>
         <run_address>0xab8e</run_address>
         <size>0x32</size>
         <input_file_ref idref="fl-67"/>
      </object_component>
      <object_component id="oc-bf">
         <name>.text:setup_UART</name>
         <load_address>0xabc0</load_address>
         <run_address>0xabc0</run_address>
         <size>0x30</size>
         <input_file_ref idref="fl-2"/>
      </object_component>
      <object_component id="oc-162">
         <name>.text:__mspabi_subd</name>
         <load_address>0xabf0</load_address>
         <run_address>0xabf0</run_address>
         <size>0x2e</size>
         <input_file_ref idref="fl-50"/>
      </object_component>
      <object_component id="oc-1b1">
         <name>.text:feraiseexcept</name>
         <load_address>0xac1e</load_address>
         <run_address>0xac1e</run_address>
         <size>0x2e</size>
         <input_file_ref idref="fl-5e"/>
      </object_component>
      <object_component id="oc-b3">
         <name>.text:reset</name>
         <load_address>0xac4c</load_address>
         <run_address>0xac4c</run_address>
         <size>0x2e</size>
         <input_file_ref idref="fl-2"/>
      </object_component>
      <object_component id="oc-1a7">
         <name>.text</name>
         <load_address>0xac7a</load_address>
         <run_address>0xac7a</run_address>
         <size>0x2c</size>
         <input_file_ref idref="fl-59"/>
      </object_component>
      <object_component id="oc-100">
         <name>.text</name>
         <load_address>0xaca6</load_address>
         <run_address>0xaca6</run_address>
         <size>0x2c</size>
         <input_file_ref idref="fl-34"/>
      </object_component>
      <object_component id="oc-18b">
         <name>.text</name>
         <load_address>0xacd2</load_address>
         <run_address>0xacd2</run_address>
         <size>0x2c</size>
         <input_file_ref idref="fl-47"/>
      </object_component>
      <object_component id="oc-13e">
         <name>.text:__mspabi_negd</name>
         <load_address>0xacfe</load_address>
         <run_address>0xacfe</run_address>
         <size>0x2a</size>
         <input_file_ref idref="fl-66"/>
      </object_component>
      <object_component id="oc-f5">
         <name>.text:__mspabi_fixdi</name>
         <load_address>0xad28</load_address>
         <run_address>0xad28</run_address>
         <size>0x28</size>
         <input_file_ref idref="fl-38"/>
      </object_component>
      <object_component id="oc-236">
         <name>.text</name>
         <load_address>0xad50</load_address>
         <run_address>0xad50</run_address>
         <size>0x26</size>
         <input_file_ref idref="fl-65"/>
      </object_component>
      <object_component id="oc-59">
         <name>.text:ADC10_ISR</name>
         <load_address>0xad76</load_address>
         <run_address>0xad76</run_address>
         <size>0x24</size>
         <input_file_ref idref="fl-2"/>
      </object_component>
      <object_component id="oc-c6">
         <name>.text:println</name>
         <load_address>0xad9a</load_address>
         <run_address>0xad9a</run_address>
         <size>0x24</size>
         <input_file_ref idref="fl-2"/>
      </object_component>
      <object_component id="oc-b9">
         <name>.text:setup_ADC</name>
         <load_address>0xadbe</load_address>
         <run_address>0xadbe</run_address>
         <size>0x1e</size>
         <input_file_ref idref="fl-2"/>
      </object_component>
      <object_component id="oc-38">
         <name>.text:_c_int00_noexit</name>
         <load_address>0xaddc</load_address>
         <run_address>0xaddc</run_address>
         <size>0x1a</size>
         <input_file_ref idref="fl-30"/>
      </object_component>
      <object_component id="oc-17f">
         <name>.text</name>
         <load_address>0xadf6</load_address>
         <run_address>0xadf6</run_address>
         <size>0x16</size>
         <input_file_ref idref="fl-35"/>
      </object_component>
      <object_component id="oc-44">
         <name>.text:decompress:ZI:__TI_zero_init</name>
         <load_address>0xae0c</load_address>
         <run_address>0xae0c</run_address>
         <size>0x14</size>
         <input_file_ref idref="fl-33"/>
      </object_component>
      <object_component id="oc-fb">
         <name>.text</name>
         <load_address>0xae20</load_address>
         <run_address>0xae20</run_address>
         <size>0x14</size>
         <input_file_ref idref="fl-4d"/>
      </object_component>
      <object_component id="oc-3e">
         <name>.text:decompress:none:__TI_decompress_none</name>
         <load_address>0xae34</load_address>
         <run_address>0xae34</run_address>
         <size>0x12</size>
         <input_file_ref idref="fl-31"/>
      </object_component>
      <object_component id="oc-1cd">
         <name>.text:l_lsr</name>
         <load_address>0xae46</load_address>
         <run_address>0xae46</run_address>
         <size>0x12</size>
         <input_file_ref idref="fl-4a"/>
      </object_component>
      <object_component id="oc-78">
         <name>.text:memcpy</name>
         <load_address>0xae58</load_address>
         <run_address>0xae58</run_address>
         <size>0x12</size>
         <input_file_ref idref="fl-4b"/>
      </object_component>
      <object_component id="oc-222">
         <name>.text:l_asr</name>
         <load_address>0xae6a</load_address>
         <run_address>0xae6a</run_address>
         <size>0x10</size>
         <input_file_ref idref="fl-6d"/>
      </object_component>
      <object_component id="oc-21d">
         <name>.text:l_lsl</name>
         <load_address>0xae7a</load_address>
         <run_address>0xae7a</run_address>
         <size>0x10</size>
         <input_file_ref idref="fl-48"/>
      </object_component>
      <object_component id="oc-ac">
         <name>.text</name>
         <load_address>0xae8a</load_address>
         <run_address>0xae8a</run_address>
         <size>0x10</size>
         <input_file_ref idref="fl-36"/>
      </object_component>
      <object_component id="oc-168">
         <name>.text:log</name>
         <load_address>0xae9a</load_address>
         <run_address>0xae9a</run_address>
         <size>0xe</size>
         <input_file_ref idref="fl-63"/>
      </object_component>
      <object_component id="oc-14a">
         <name>.text:__mspabi_fltid</name>
         <load_address>0xaea8</load_address>
         <run_address>0xaea8</run_address>
         <size>0xc</size>
         <input_file_ref idref="fl-5f"/>
      </object_component>
      <object_component id="oc-105">
         <name>.text:send_byte</name>
         <load_address>0xaeb4</load_address>
         <run_address>0xaeb4</run_address>
         <size>0xc</size>
         <input_file_ref idref="fl-2"/>
      </object_component>
      <object_component id="oc-24b">
         <name>.text</name>
         <load_address>0xaec0</load_address>
         <run_address>0xaec0</run_address>
         <size>0xa</size>
         <input_file_ref idref="fl-70"/>
      </object_component>
      <object_component id="oc-54">
         <name>.text:__TI_ISR_TRAP</name>
         <load_address>0xaeca</load_address>
         <run_address>0xaeca</run_address>
         <size>0x6</size>
         <input_file_ref idref="fl-46"/>
      </object_component>
      <object_component id="oc-e9">
         <name>.text:__mspabi_fltud</name>
         <load_address>0xaed0</load_address>
         <run_address>0xaed0</run_address>
         <size>0x6</size>
         <input_file_ref idref="fl-3a"/>
      </object_component>
      <object_component id="oc-4a">
         <name>.text:decompress:rle24:__TI_decompress_rle24</name>
         <load_address>0xaed6</load_address>
         <run_address>0xaed6</run_address>
         <size>0x6</size>
         <input_file_ref idref="fl-32"/>
      </object_component>
      <object_component id="oc-5f">
         <name>.text:_system_pre_init</name>
         <load_address>0xaedc</load_address>
         <run_address>0xaedc</run_address>
         <size>0x4</size>
         <input_file_ref idref="fl-4f"/>
      </object_component>
      <object_component id="oc-71">
         <name>.text:abort</name>
         <load_address>0xaee0</load_address>
         <run_address>0xaee0</run_address>
         <size>0x4</size>
         <input_file_ref idref="fl-37"/>
      </object_component>
      <object_component id="oc-2ac">
         <name>.text:_nop</name>
         <load_address>0xaee4</load_address>
         <run_address>0xaee4</run_address>
         <size>0x2</size>
         <input_file_ref idref="fl-56"/>
      </object_component>
      <object_component id="oc-2f5">
         <name>.cinit..data.load</name>
         <load_address>0xafb0</load_address>
         <run_address>0xafb0</run_address>
         <size>0x5d</size>
      </object_component>
      <object_component id="oc-2f2">
         <name>__TI_handler_table</name>
         <load_address>0xb00e</load_address>
         <run_address>0xb00e</run_address>
         <size>0x6</size>
      </object_component>
      <object_component id="oc-2f4">
         <name>.cinit..bss.load</name>
         <load_address>0xb014</load_address>
         <run_address>0xb014</run_address>
         <size>0x4</size>
      </object_component>
      <object_component id="oc-2f3">
         <name>__TI_cinit_table</name>
         <load_address>0xb018</load_address>
         <run_address>0xb018</run_address>
         <size>0x8</size>
      </object_component>
      <object_component id="oc-c5">
         <name>.const:.string</name>
         <load_address>0xaee6</load_address>
         <run_address>0xaee6</run_address>
         <size>0x42</size>
         <input_file_ref idref="fl-2"/>
      </object_component>
      <object_component id="oc-256">
         <name>.const:p</name>
         <load_address>0xaf28</load_address>
         <run_address>0xaf28</run_address>
         <size>0x38</size>
         <input_file_ref idref="fl-6c"/>
      </object_component>
      <object_component id="oc-1a6">
         <name>.const:mask$1</name>
         <load_address>0xaf60</load_address>
         <run_address>0xaf60</run_address>
         <size>0x20</size>
         <input_file_ref idref="fl-51"/>
      </object_component>
      <object_component id="oc-1f0">
         <name>.const:s</name>
         <load_address>0xaf80</load_address>
         <run_address>0xaf80</run_address>
         <size>0x18</size>
         <input_file_ref idref="fl-53"/>
      </object_component>
      <object_component id="oc-1f3">
         <name>.const:c</name>
         <load_address>0xaf98</load_address>
         <run_address>0xaf98</run_address>
         <size>0x10</size>
         <input_file_ref idref="fl-53"/>
      </object_component>
      <object_component id="oc-1ac">
         <name>.const:sub$2</name>
         <load_address>0xafa8</load_address>
         <run_address>0xafa8</run_address>
         <size>0x8</size>
         <input_file_ref idref="fl-51"/>
      </object_component>
      <object_component id="oc-2d">
         <name>.int02</name>
         <load_address>0xffe4</load_address>
         <run_address>0xffe4</run_address>
         <size>0x2</size>
         <input_file_ref idref="fl-3c"/>
      </object_component>
      <object_component id="oc-2e">
         <name>.int03</name>
         <load_address>0xffe6</load_address>
         <run_address>0xffe6</run_address>
         <size>0x2</size>
         <input_file_ref idref="fl-3d"/>
      </object_component>
      <object_component id="oc-2f">
         <name>.int05</name>
         <load_address>0xffea</load_address>
         <run_address>0xffea</run_address>
         <size>0x2</size>
         <input_file_ref idref="fl-2"/>
      </object_component>
      <object_component id="oc-30">
         <name>.int06</name>
         <load_address>0xffec</load_address>
         <run_address>0xffec</run_address>
         <size>0x2</size>
         <input_file_ref idref="fl-3e"/>
      </object_component>
      <object_component id="oc-31">
         <name>.int07</name>
         <load_address>0xffee</load_address>
         <run_address>0xffee</run_address>
         <size>0x2</size>
         <input_file_ref idref="fl-3f"/>
      </object_component>
      <object_component id="oc-32">
         <name>.int08</name>
         <load_address>0xfff0</load_address>
         <run_address>0xfff0</run_address>
         <size>0x2</size>
         <input_file_ref idref="fl-40"/>
      </object_component>
      <object_component id="oc-33">
         <name>.int09</name>
         <load_address>0xfff2</load_address>
         <run_address>0xfff2</run_address>
         <size>0x2</size>
         <input_file_ref idref="fl-41"/>
      </object_component>
      <object_component id="oc-34">
         <name>.int10</name>
         <load_address>0xfff4</load_address>
         <run_address>0xfff4</run_address>
         <size>0x2</size>
         <input_file_ref idref="fl-42"/>
      </object_component>
      <object_component id="oc-35">
         <name>.int12</name>
         <load_address>0xfff8</load_address>
         <run_address>0xfff8</run_address>
         <size>0x2</size>
         <input_file_ref idref="fl-43"/>
      </object_component>
      <object_component id="oc-36">
         <name>.int13</name>
         <load_address>0xfffa</load_address>
         <run_address>0xfffa</run_address>
         <size>0x2</size>
         <input_file_ref idref="fl-44"/>
      </object_component>
      <object_component id="oc-37">
         <name>.int14</name>
         <load_address>0xfffc</load_address>
         <run_address>0xfffc</run_address>
         <size>0x2</size>
         <input_file_ref idref="fl-45"/>
      </object_component>
      <object_component id="oc-53">
         <name>.reset</name>
         <load_address>0xfffe</load_address>
         <run_address>0xfffe</run_address>
         <size>0x2</size>
         <input_file_ref idref="fl-30"/>
      </object_component>
      <object_component id="oc-cc">
         <name>.common:res</name>
         <uninitialized>true</uninitialized>
         <run_address>0x34c</run_address>
         <size>0x4</size>
      </object_component>
      <object_component id="oc-13b">
         <name>.data</name>
         <load_address>0x200</load_address>
         <run_address>0x200</run_address>
         <size>0x80</size>
         <input_file_ref idref="fl-55"/>
      </object_component>
      <object_component id="oc-1b7">
         <name>.data</name>
         <load_address>0x34a</load_address>
         <run_address>0x34a</run_address>
         <size>0x2</size>
         <input_file_ref idref="fl-5d"/>
      </object_component>
      <object_component id="oc-211">
         <name>.data</name>
         <load_address>0x340</load_address>
         <run_address>0x340</run_address>
         <size>0x6</size>
         <input_file_ref idref="fl-5e"/>
      </object_component>
      <object_component id="oc-248">
         <name>.data</name>
         <load_address>0x280</load_address>
         <run_address>0x280</run_address>
         <size>0x68</size>
         <input_file_ref idref="fl-71"/>
      </object_component>
      <object_component id="oc-299">
         <name>.data</name>
         <load_address>0x346</load_address>
         <run_address>0x346</run_address>
         <size>0x4</size>
         <input_file_ref idref="fl-56"/>
      </object_component>
      <object_component id="oc-29c">
         <name>.data:sigtable</name>
         <load_address>0x2e8</load_address>
         <run_address>0x2e8</run_address>
         <size>0x58</size>
         <input_file_ref idref="fl-69"/>
      </object_component>
      <object_component id="oc-39">
         <name>.debug_info</name>
         <load_address>0x0</load_address>
         <run_address>0x0</run_address>
         <size>0x125</size>
         <input_file_ref idref="fl-30"/>
      </object_component>
      <object_component id="oc-3f">
         <name>.debug_info</name>
         <load_address>0x125</load_address>
         <run_address>0x125</run_address>
         <size>0x194</size>
         <input_file_ref idref="fl-31"/>
      </object_component>
      <object_component id="oc-45">
         <name>.debug_info</name>
         <load_address>0x2b9</load_address>
         <run_address>0x2b9</run_address>
         <size>0x16a</size>
         <input_file_ref idref="fl-33"/>
      </object_component>
      <object_component id="oc-4b">
         <name>.debug_info</name>
         <load_address>0x423</load_address>
         <run_address>0x423</run_address>
         <size>0x18e</size>
         <input_file_ref idref="fl-32"/>
      </object_component>
      <object_component id="oc-51">
         <name>.debug_info</name>
         <load_address>0x5b1</load_address>
         <run_address>0x5b1</run_address>
         <size>0xaa</size>
         <input_file_ref idref="fl-30"/>
      </object_component>
      <object_component id="oc-55">
         <name>.debug_info</name>
         <load_address>0x65b</load_address>
         <run_address>0x65b</run_address>
         <size>0xc2</size>
         <input_file_ref idref="fl-46"/>
      </object_component>
      <object_component id="oc-5a">
         <name>.debug_info</name>
         <load_address>0x71d</load_address>
         <run_address>0x71d</run_address>
         <size>0x10e</size>
         <input_file_ref idref="fl-2"/>
      </object_component>
      <object_component id="oc-63">
         <name>.debug_info</name>
         <load_address>0x82b</load_address>
         <run_address>0x82b</run_address>
         <size>0xfd</size>
         <input_file_ref idref="fl-4f"/>
      </object_component>
      <object_component id="oc-67">
         <name>.debug_info</name>
         <load_address>0x928</load_address>
         <run_address>0x928</run_address>
         <size>0x153</size>
         <input_file_ref idref="fl-5a"/>
      </object_component>
      <object_component id="oc-6c">
         <name>.debug_info</name>
         <load_address>0xa7b</load_address>
         <run_address>0xa7b</run_address>
         <size>0x12a</size>
         <input_file_ref idref="fl-2"/>
      </object_component>
      <object_component id="oc-72">
         <name>.debug_info</name>
         <load_address>0xba5</load_address>
         <run_address>0xba5</run_address>
         <size>0xcc</size>
         <input_file_ref idref="fl-37"/>
      </object_component>
      <object_component id="oc-79">
         <name>.debug_info</name>
         <load_address>0xc71</load_address>
         <run_address>0xc71</run_address>
         <size>0x157</size>
         <input_file_ref idref="fl-4b"/>
      </object_component>
      <object_component id="oc-7f">
         <name>.debug_info</name>
         <load_address>0xdc8</load_address>
         <run_address>0xdc8</run_address>
         <size>0x46</size>
         <input_file_ref idref="fl-31"/>
      </object_component>
      <object_component id="oc-84">
         <name>.debug_info</name>
         <load_address>0xe0e</load_address>
         <run_address>0xe0e</run_address>
         <size>0x167</size>
         <input_file_ref idref="fl-31"/>
      </object_component>
      <object_component id="oc-86">
         <name>.debug_info</name>
         <load_address>0xf75</load_address>
         <run_address>0xf75</run_address>
         <size>0x46</size>
         <input_file_ref idref="fl-33"/>
      </object_component>
      <object_component id="oc-8b">
         <name>.debug_info</name>
         <load_address>0xfbb</load_address>
         <run_address>0xfbb</run_address>
         <size>0x11f</size>
         <input_file_ref idref="fl-33"/>
      </object_component>
      <object_component id="oc-8d">
         <name>.debug_info</name>
         <load_address>0x10da</load_address>
         <run_address>0x10da</run_address>
         <size>0x1ef</size>
         <input_file_ref idref="fl-32"/>
      </object_component>
      <object_component id="oc-93">
         <name>.debug_info</name>
         <load_address>0x12c9</load_address>
         <run_address>0x12c9</run_address>
         <size>0x129</size>
         <input_file_ref idref="fl-32"/>
      </object_component>
      <object_component id="oc-94">
         <name>.debug_info</name>
         <load_address>0x13f2</load_address>
         <run_address>0x13f2</run_address>
         <size>0x39</size>
         <input_file_ref idref="fl-32"/>
      </object_component>
      <object_component id="oc-9b">
         <name>.debug_info</name>
         <load_address>0x142b</load_address>
         <run_address>0x142b</run_address>
         <size>0x84</size>
         <input_file_ref idref="fl-2"/>
      </object_component>
      <object_component id="oc-a2">
         <name>.debug_info</name>
         <load_address>0x14af</load_address>
         <run_address>0x14af</run_address>
         <size>0x583</size>
         <input_file_ref idref="fl-2"/>
      </object_component>
      <object_component id="oc-a5">
         <name>.debug_info</name>
         <load_address>0x1a32</load_address>
         <run_address>0x1a32</run_address>
         <size>0x387</size>
         <input_file_ref idref="fl-2"/>
      </object_component>
      <object_component id="oc-ad">
         <name>.debug_info</name>
         <load_address>0x1db9</load_address>
         <run_address>0x1db9</run_address>
         <size>0xe1</size>
         <input_file_ref idref="fl-36"/>
      </object_component>
      <object_component id="oc-b2">
         <name>.debug_info</name>
         <load_address>0x1e9a</load_address>
         <run_address>0x1e9a</run_address>
         <size>0x2ba</size>
         <input_file_ref idref="fl-5a"/>
      </object_component>
      <object_component id="oc-b4">
         <name>.debug_info</name>
         <load_address>0x2154</load_address>
         <run_address>0x2154</run_address>
         <size>0xff</size>
         <input_file_ref idref="fl-2"/>
      </object_component>
      <object_component id="oc-ba">
         <name>.debug_info</name>
         <load_address>0x2253</load_address>
         <run_address>0x2253</run_address>
         <size>0xfb</size>
         <input_file_ref idref="fl-2"/>
      </object_component>
      <object_component id="oc-c0">
         <name>.debug_info</name>
         <load_address>0x234e</load_address>
         <run_address>0x234e</run_address>
         <size>0xfd</size>
         <input_file_ref idref="fl-2"/>
      </object_component>
      <object_component id="oc-c7">
         <name>.debug_info</name>
         <load_address>0x244b</load_address>
         <run_address>0x244b</run_address>
         <size>0x149</size>
         <input_file_ref idref="fl-2"/>
      </object_component>
      <object_component id="oc-d0">
         <name>.debug_info</name>
         <load_address>0x2594</load_address>
         <run_address>0x2594</run_address>
         <size>0x127</size>
         <input_file_ref idref="fl-4b"/>
      </object_component>
      <object_component id="oc-d1">
         <name>.debug_info</name>
         <load_address>0x26bb</load_address>
         <run_address>0x26bb</run_address>
         <size>0x2c</size>
         <input_file_ref idref="fl-2"/>
      </object_component>
      <object_component id="oc-d6">
         <name>.debug_info</name>
         <load_address>0x26e7</load_address>
         <run_address>0x26e7</run_address>
         <size>0x2c</size>
         <input_file_ref idref="fl-31"/>
      </object_component>
      <object_component id="oc-e5">
         <name>.debug_info</name>
         <load_address>0x2713</load_address>
         <run_address>0x2713</run_address>
         <size>0xd3</size>
         <input_file_ref idref="fl-49"/>
      </object_component>
      <object_component id="oc-ea">
         <name>.debug_info</name>
         <load_address>0x27e6</load_address>
         <run_address>0x27e6</run_address>
         <size>0x11b</size>
         <input_file_ref idref="fl-3a"/>
      </object_component>
      <object_component id="oc-f0">
         <name>.debug_info</name>
         <load_address>0x2901</load_address>
         <run_address>0x2901</run_address>
         <size>0x788</size>
         <input_file_ref idref="fl-4e"/>
      </object_component>
      <object_component id="oc-f6">
         <name>.debug_info</name>
         <load_address>0x3089</load_address>
         <run_address>0x3089</run_address>
         <size>0x126</size>
         <input_file_ref idref="fl-38"/>
      </object_component>
      <object_component id="oc-fd">
         <name>.debug_info</name>
         <load_address>0x31af</load_address>
         <run_address>0x31af</run_address>
         <size>0xd4</size>
         <input_file_ref idref="fl-4d"/>
      </object_component>
      <object_component id="oc-101">
         <name>.debug_info</name>
         <load_address>0x3283</load_address>
         <run_address>0x3283</run_address>
         <size>0xe8</size>
         <input_file_ref idref="fl-34"/>
      </object_component>
      <object_component id="oc-106">
         <name>.debug_info</name>
         <load_address>0x336b</load_address>
         <run_address>0x336b</run_address>
         <size>0x11d</size>
         <input_file_ref idref="fl-2"/>
      </object_component>
      <object_component id="oc-10f">
         <name>.debug_info</name>
         <load_address>0x3488</load_address>
         <run_address>0x3488</run_address>
         <size>0x39</size>
         <input_file_ref idref="fl-5a"/>
      </object_component>
      <object_component id="oc-11c">
         <name>.debug_info</name>
         <load_address>0x34c1</load_address>
         <run_address>0x34c1</run_address>
         <size>0x1a9</size>
         <input_file_ref idref="fl-3b"/>
      </object_component>
      <object_component id="oc-122">
         <name>.debug_info</name>
         <load_address>0x366a</load_address>
         <run_address>0x366a</run_address>
         <size>0x185</size>
         <input_file_ref idref="fl-3a"/>
      </object_component>
      <object_component id="oc-126">
         <name>.debug_info</name>
         <load_address>0x37ef</load_address>
         <run_address>0x37ef</run_address>
         <size>0x16f</size>
         <input_file_ref idref="fl-52"/>
      </object_component>
      <object_component id="oc-12c">
         <name>.debug_info</name>
         <load_address>0x395e</load_address>
         <run_address>0x395e</run_address>
         <size>0x1a8</size>
         <input_file_ref idref="fl-51"/>
      </object_component>
      <object_component id="oc-130">
         <name>.debug_info</name>
         <load_address>0x3b06</load_address>
         <run_address>0x3b06</run_address>
         <size>0x193</size>
         <input_file_ref idref="fl-5b"/>
      </object_component>
      <object_component id="oc-136">
         <name>.debug_info</name>
         <load_address>0x3c99</load_address>
         <run_address>0x3c99</run_address>
         <size>0x127</size>
         <input_file_ref idref="fl-54"/>
      </object_component>
      <object_component id="oc-13c">
         <name>.debug_info</name>
         <load_address>0x3dc0</load_address>
         <run_address>0x3dc0</run_address>
         <size>0x189</size>
         <input_file_ref idref="fl-55"/>
      </object_component>
      <object_component id="oc-140">
         <name>.debug_info</name>
         <load_address>0x3f49</load_address>
         <run_address>0x3f49</run_address>
         <size>0x102</size>
         <input_file_ref idref="fl-66"/>
      </object_component>
      <object_component id="oc-147">
         <name>.debug_info</name>
         <load_address>0x404b</load_address>
         <run_address>0x404b</run_address>
         <size>0x208</size>
         <input_file_ref idref="fl-57"/>
      </object_component>
      <object_component id="oc-14d">
         <name>.debug_info</name>
         <load_address>0x4253</load_address>
         <run_address>0x4253</run_address>
         <size>0x11b</size>
         <input_file_ref idref="fl-5f"/>
      </object_component>
      <object_component id="oc-151">
         <name>.debug_info</name>
         <load_address>0x436e</load_address>
         <run_address>0x436e</run_address>
         <size>0x1a9</size>
         <input_file_ref idref="fl-39"/>
      </object_component>
      <object_component id="oc-158">
         <name>.debug_info</name>
         <load_address>0x4517</load_address>
         <run_address>0x4517</run_address>
         <size>0x280</size>
         <input_file_ref idref="fl-64"/>
      </object_component>
      <object_component id="oc-15e">
         <name>.debug_info</name>
         <load_address>0x4797</load_address>
         <run_address>0x4797</run_address>
         <size>0x1c5</size>
         <input_file_ref idref="fl-60"/>
      </object_component>
      <object_component id="oc-163">
         <name>.debug_info</name>
         <load_address>0x495c</load_address>
         <run_address>0x495c</run_address>
         <size>0x148</size>
         <input_file_ref idref="fl-50"/>
      </object_component>
      <object_component id="oc-169">
         <name>.debug_info</name>
         <load_address>0x4aa4</load_address>
         <run_address>0x4aa4</run_address>
         <size>0xf9</size>
         <input_file_ref idref="fl-63"/>
      </object_component>
      <object_component id="oc-171">
         <name>.debug_info</name>
         <load_address>0x4b9d</load_address>
         <run_address>0x4b9d</run_address>
         <size>0x234</size>
         <input_file_ref idref="fl-5c"/>
      </object_component>
      <object_component id="oc-176">
         <name>.debug_info</name>
         <load_address>0x4dd1</load_address>
         <run_address>0x4dd1</run_address>
         <size>0x5b7</size>
         <input_file_ref idref="fl-53"/>
      </object_component>
      <object_component id="oc-17b">
         <name>.debug_info</name>
         <load_address>0x5388</load_address>
         <run_address>0x5388</run_address>
         <size>0x293</size>
         <input_file_ref idref="fl-4e"/>
      </object_component>
      <object_component id="oc-17d">
         <name>.debug_info</name>
         <load_address>0x561b</load_address>
         <run_address>0x561b</run_address>
         <size>0x185</size>
         <input_file_ref idref="fl-38"/>
      </object_component>
      <object_component id="oc-180">
         <name>.debug_info</name>
         <load_address>0x57a0</load_address>
         <run_address>0x57a0</run_address>
         <size>0xd4</size>
         <input_file_ref idref="fl-35"/>
      </object_component>
      <object_component id="oc-187">
         <name>.debug_info</name>
         <load_address>0x5874</load_address>
         <run_address>0x5874</run_address>
         <size>0xd9</size>
         <input_file_ref idref="fl-48"/>
      </object_component>
      <object_component id="oc-18c">
         <name>.debug_info</name>
         <load_address>0x594d</load_address>
         <run_address>0x594d</run_address>
         <size>0xd3</size>
         <input_file_ref idref="fl-47"/>
      </object_component>
      <object_component id="oc-191">
         <name>.debug_info</name>
         <load_address>0x5a20</load_address>
         <run_address>0x5a20</run_address>
         <size>0xd9</size>
         <input_file_ref idref="fl-4a"/>
      </object_component>
      <object_component id="oc-196">
         <name>.debug_info</name>
         <load_address>0x5af9</load_address>
         <run_address>0x5af9</run_address>
         <size>0x186</size>
         <input_file_ref idref="fl-3b"/>
      </object_component>
      <object_component id="oc-197">
         <name>.debug_info</name>
         <load_address>0x5c7f</load_address>
         <run_address>0x5c7f</run_address>
         <size>0x94</size>
         <input_file_ref idref="fl-39"/>
      </object_component>
      <object_component id="oc-19f">
         <name>.debug_info</name>
         <load_address>0x5d13</load_address>
         <run_address>0x5d13</run_address>
         <size>0x1ab</size>
         <input_file_ref idref="fl-6a"/>
      </object_component>
      <object_component id="oc-1a5">
         <name>.debug_info</name>
         <load_address>0x5ebe</load_address>
         <run_address>0x5ebe</run_address>
         <size>0x1b6</size>
         <input_file_ref idref="fl-52"/>
      </object_component>
      <object_component id="oc-1a9">
         <name>.debug_info</name>
         <load_address>0x6074</load_address>
         <run_address>0x6074</run_address>
         <size>0xd3</size>
         <input_file_ref idref="fl-59"/>
      </object_component>
      <object_component id="oc-1ae">
         <name>.debug_info</name>
         <load_address>0x6147</load_address>
         <run_address>0x6147</run_address>
         <size>0x1ab</size>
         <input_file_ref idref="fl-51"/>
      </object_component>
      <object_component id="oc-1b0">
         <name>.debug_info</name>
         <load_address>0x62f2</load_address>
         <run_address>0x62f2</run_address>
         <size>0x184</size>
         <input_file_ref idref="fl-5b"/>
      </object_component>
      <object_component id="oc-1b2">
         <name>.debug_info</name>
         <load_address>0x6476</load_address>
         <run_address>0x6476</run_address>
         <size>0x143</size>
         <input_file_ref idref="fl-5e"/>
      </object_component>
      <object_component id="oc-1b8">
         <name>.debug_info</name>
         <load_address>0x65b9</load_address>
         <run_address>0x65b9</run_address>
         <size>0xaa</size>
         <input_file_ref idref="fl-5d"/>
      </object_component>
      <object_component id="oc-1bd">
         <name>.debug_info</name>
         <load_address>0x6663</load_address>
         <run_address>0x6663</run_address>
         <size>0x86</size>
         <input_file_ref idref="fl-4e"/>
      </object_component>
      <object_component id="oc-1c6">
         <name>.debug_info</name>
         <load_address>0x66e9</load_address>
         <run_address>0x66e9</run_address>
         <size>0x2d3</size>
         <input_file_ref idref="fl-61"/>
      </object_component>
      <object_component id="oc-1ca">
         <name>.debug_info</name>
         <load_address>0x69bc</load_address>
         <run_address>0x69bc</run_address>
         <size>0x1c7</size>
         <input_file_ref idref="fl-57"/>
      </object_component>
      <object_component id="oc-1cc">
         <name>.debug_info</name>
         <load_address>0x6b83</load_address>
         <run_address>0x6b83</run_address>
         <size>0x185</size>
         <input_file_ref idref="fl-5f"/>
      </object_component>
      <object_component id="oc-1ce">
         <name>.debug_info</name>
         <load_address>0x6d08</load_address>
         <run_address>0x6d08</run_address>
         <size>0xd3</size>
         <input_file_ref idref="fl-4a"/>
      </object_component>
      <object_component id="oc-1d3">
         <name>.debug_info</name>
         <load_address>0x6ddb</load_address>
         <run_address>0x6ddb</run_address>
         <size>0x186</size>
         <input_file_ref idref="fl-39"/>
      </object_component>
      <object_component id="oc-1d5">
         <name>.debug_info</name>
         <load_address>0x6f61</load_address>
         <run_address>0x6f61</run_address>
         <size>0x381</size>
         <input_file_ref idref="fl-6f"/>
      </object_component>
      <object_component id="oc-1db">
         <name>.debug_info</name>
         <load_address>0x72e2</load_address>
         <run_address>0x72e2</run_address>
         <size>0x1c2</size>
         <input_file_ref idref="fl-64"/>
      </object_component>
      <object_component id="oc-1dd">
         <name>.debug_info</name>
         <load_address>0x74a4</load_address>
         <run_address>0x74a4</run_address>
         <size>0x186</size>
         <input_file_ref idref="fl-60"/>
      </object_component>
      <object_component id="oc-1df">
         <name>.debug_info</name>
         <load_address>0x762a</load_address>
         <run_address>0x762a</run_address>
         <size>0x184</size>
         <input_file_ref idref="fl-50"/>
      </object_component>
      <object_component id="oc-1e3">
         <name>.debug_info</name>
         <load_address>0x77ae</load_address>
         <run_address>0x77ae</run_address>
         <size>0x5d6</size>
         <input_file_ref idref="fl-6c"/>
      </object_component>
      <object_component id="oc-1e7">
         <name>.debug_info</name>
         <load_address>0x7d84</load_address>
         <run_address>0x7d84</run_address>
         <size>0x1a6</size>
         <input_file_ref idref="fl-63"/>
      </object_component>
      <object_component id="oc-1e9">
         <name>.debug_info</name>
         <load_address>0x7f2a</load_address>
         <run_address>0x7f2a</run_address>
         <size>0x59e</size>
         <input_file_ref idref="fl-62"/>
      </object_component>
      <object_component id="oc-1ef">
         <name>.debug_info</name>
         <load_address>0x84c8</load_address>
         <run_address>0x84c8</run_address>
         <size>0x1c2</size>
         <input_file_ref idref="fl-5c"/>
      </object_component>
      <object_component id="oc-1f1">
         <name>.debug_info</name>
         <load_address>0x868a</load_address>
         <run_address>0x868a</run_address>
         <size>0x9f</size>
         <input_file_ref idref="fl-53"/>
      </object_component>
      <object_component id="oc-1f4">
         <name>.debug_info</name>
         <load_address>0x8729</load_address>
         <run_address>0x8729</run_address>
         <size>0x9f</size>
         <input_file_ref idref="fl-53"/>
      </object_component>
      <object_component id="oc-1f8">
         <name>.debug_info</name>
         <load_address>0x87c8</load_address>
         <run_address>0x87c8</run_address>
         <size>0x249</size>
         <input_file_ref idref="fl-6b"/>
      </object_component>
      <object_component id="oc-1fd">
         <name>.debug_info</name>
         <load_address>0x8a11</load_address>
         <run_address>0x8a11</run_address>
         <size>0x204</size>
         <input_file_ref idref="fl-53"/>
      </object_component>
      <object_component id="oc-209">
         <name>.debug_info</name>
         <load_address>0x8c15</load_address>
         <run_address>0x8c15</run_address>
         <size>0x18c</size>
         <input_file_ref idref="fl-6a"/>
      </object_component>
      <object_component id="oc-212">
         <name>.debug_info</name>
         <load_address>0x8da1</load_address>
         <run_address>0x8da1</run_address>
         <size>0xe2</size>
         <input_file_ref idref="fl-5e"/>
      </object_component>
      <object_component id="oc-217">
         <name>.debug_info</name>
         <load_address>0x8e83</load_address>
         <run_address>0x8e83</run_address>
         <size>0x12e</size>
         <input_file_ref idref="fl-67"/>
      </object_component>
      <object_component id="oc-21e">
         <name>.debug_info</name>
         <load_address>0x8fb1</load_address>
         <run_address>0x8fb1</run_address>
         <size>0xd3</size>
         <input_file_ref idref="fl-48"/>
      </object_component>
      <object_component id="oc-224">
         <name>.debug_info</name>
         <load_address>0x9084</load_address>
         <run_address>0x9084</run_address>
         <size>0xd3</size>
         <input_file_ref idref="fl-6d"/>
      </object_component>
      <object_component id="oc-229">
         <name>.debug_info</name>
         <load_address>0x9157</load_address>
         <run_address>0x9157</run_address>
         <size>0x1a3</size>
         <input_file_ref idref="fl-68"/>
      </object_component>
      <object_component id="oc-22e">
         <name>.debug_info</name>
         <load_address>0x92fa</load_address>
         <run_address>0x92fa</run_address>
         <size>0x1bb</size>
         <input_file_ref idref="fl-61"/>
      </object_component>
      <object_component id="oc-239">
         <name>.debug_info</name>
         <load_address>0x94b5</load_address>
         <run_address>0x94b5</run_address>
         <size>0xd4</size>
         <input_file_ref idref="fl-65"/>
      </object_component>
      <object_component id="oc-23d">
         <name>.debug_info</name>
         <load_address>0x9589</load_address>
         <run_address>0x9589</run_address>
         <size>0xd9</size>
         <input_file_ref idref="fl-6d"/>
      </object_component>
      <object_component id="oc-241">
         <name>.debug_info</name>
         <load_address>0x9662</load_address>
         <run_address>0x9662</run_address>
         <size>0x1a9</size>
         <input_file_ref idref="fl-6f"/>
      </object_component>
      <object_component id="oc-249">
         <name>.debug_info</name>
         <load_address>0x980b</load_address>
         <run_address>0x980b</run_address>
         <size>0x179</size>
         <input_file_ref idref="fl-71"/>
      </object_component>
      <object_component id="oc-24d">
         <name>.debug_info</name>
         <load_address>0x9984</load_address>
         <run_address>0x9984</run_address>
         <size>0xd4</size>
         <input_file_ref idref="fl-70"/>
      </object_component>
      <object_component id="oc-251">
         <name>.debug_info</name>
         <load_address>0x9a58</load_address>
         <run_address>0x9a58</run_address>
         <size>0x179</size>
         <input_file_ref idref="fl-6e"/>
      </object_component>
      <object_component id="oc-257">
         <name>.debug_info</name>
         <load_address>0x9bd1</load_address>
         <run_address>0x9bd1</run_address>
         <size>0x9f</size>
         <input_file_ref idref="fl-6c"/>
      </object_component>
      <object_component id="oc-25a">
         <name>.debug_info</name>
         <load_address>0x9c70</load_address>
         <run_address>0x9c70</run_address>
         <size>0x224</size>
         <input_file_ref idref="fl-6c"/>
      </object_component>
      <object_component id="oc-25e">
         <name>.debug_info</name>
         <load_address>0x9e94</load_address>
         <run_address>0x9e94</run_address>
         <size>0x18d</size>
         <input_file_ref idref="fl-62"/>
      </object_component>
      <object_component id="oc-266">
         <name>.debug_info</name>
         <load_address>0xa021</load_address>
         <run_address>0xa021</run_address>
         <size>0x1cc</size>
         <input_file_ref idref="fl-6b"/>
      </object_component>
      <object_component id="oc-26d">
         <name>.debug_info</name>
         <load_address>0xa1ed</load_address>
         <run_address>0xa1ed</run_address>
         <size>0x6f</size>
         <input_file_ref idref="fl-5e"/>
      </object_component>
      <object_component id="oc-272">
         <name>.debug_info</name>
         <load_address>0xa25c</load_address>
         <run_address>0xa25c</run_address>
         <size>0x1b4</size>
         <input_file_ref idref="fl-5e"/>
      </object_component>
      <object_component id="oc-275">
         <name>.debug_info</name>
         <load_address>0xa410</load_address>
         <run_address>0xa410</run_address>
         <size>0x13e</size>
         <input_file_ref idref="fl-69"/>
      </object_component>
      <object_component id="oc-27a">
         <name>.debug_info</name>
         <load_address>0xa54e</load_address>
         <run_address>0xa54e</run_address>
         <size>0x143</size>
         <input_file_ref idref="fl-67"/>
      </object_component>
      <object_component id="oc-27e">
         <name>.debug_info</name>
         <load_address>0xa691</load_address>
         <run_address>0xa691</run_address>
         <size>0x18d</size>
         <input_file_ref idref="fl-68"/>
      </object_component>
      <object_component id="oc-289">
         <name>.debug_info</name>
         <load_address>0xa81e</load_address>
         <run_address>0xa81e</run_address>
         <size>0x1a8</size>
         <input_file_ref idref="fl-6e"/>
      </object_component>
      <object_component id="oc-28a">
         <name>.debug_info</name>
         <load_address>0xa9c6</load_address>
         <run_address>0xa9c6</run_address>
         <size>0xdb</size>
         <input_file_ref idref="fl-6e"/>
      </object_component>
      <object_component id="oc-29a">
         <name>.debug_info</name>
         <load_address>0xaaa1</load_address>
         <run_address>0xaaa1</run_address>
         <size>0xc8</size>
         <input_file_ref idref="fl-56"/>
      </object_component>
      <object_component id="oc-29d">
         <name>.debug_info</name>
         <load_address>0xab69</load_address>
         <run_address>0xab69</run_address>
         <size>0xaf</size>
         <input_file_ref idref="fl-69"/>
      </object_component>
      <object_component id="oc-2a0">
         <name>.debug_info</name>
         <load_address>0xac18</load_address>
         <run_address>0xac18</run_address>
         <size>0x163</size>
         <input_file_ref idref="fl-69"/>
      </object_component>
      <object_component id="oc-2a3">
         <name>.debug_info</name>
         <load_address>0xad7b</load_address>
         <run_address>0xad7b</run_address>
         <size>0x2c</size>
         <input_file_ref idref="fl-67"/>
      </object_component>
      <object_component id="oc-2ad">
         <name>.debug_info</name>
         <load_address>0xada7</load_address>
         <run_address>0xada7</run_address>
         <size>0xd8</size>
         <input_file_ref idref="fl-56"/>
      </object_component>
      <object_component id="oc-2b4">
         <name>.debug_info</name>
         <load_address>0xae7f</load_address>
         <run_address>0xae7f</run_address>
         <size>0x10d</size>
         <input_file_ref idref="fl-56"/>
      </object_component>
      <object_component id="oc-2f7">
         <name>.debug_info</name>
         <load_address>0xaf8c</load_address>
         <run_address>0xaf8c</run_address>
         <size>0xa5</size>
      </object_component>
      <object_component id="oc-3a">
         <name>.debug_aranges</name>
         <load_address>0x0</load_address>
         <run_address>0x0</run_address>
         <size>0x20</size>
         <input_file_ref idref="fl-30"/>
      </object_component>
      <object_component id="oc-40">
         <name>.debug_aranges</name>
         <load_address>0x20</load_address>
         <run_address>0x20</run_address>
         <size>0x20</size>
         <input_file_ref idref="fl-31"/>
      </object_component>
      <object_component id="oc-47">
         <name>.debug_aranges</name>
         <load_address>0x40</load_address>
         <run_address>0x40</run_address>
         <size>0x20</size>
         <input_file_ref idref="fl-33"/>
      </object_component>
      <object_component id="oc-4c">
         <name>.debug_aranges</name>
         <load_address>0x60</load_address>
         <run_address>0x60</run_address>
         <size>0x20</size>
         <input_file_ref idref="fl-32"/>
      </object_component>
      <object_component id="oc-56">
         <name>.debug_aranges</name>
         <load_address>0x80</load_address>
         <run_address>0x80</run_address>
         <size>0x20</size>
         <input_file_ref idref="fl-46"/>
      </object_component>
      <object_component id="oc-5b">
         <name>.debug_aranges</name>
         <load_address>0xa0</load_address>
         <run_address>0xa0</run_address>
         <size>0x20</size>
         <input_file_ref idref="fl-2"/>
      </object_component>
      <object_component id="oc-61">
         <name>.debug_aranges</name>
         <load_address>0xc0</load_address>
         <run_address>0xc0</run_address>
         <size>0x20</size>
         <input_file_ref idref="fl-4f"/>
      </object_component>
      <object_component id="oc-66">
         <name>.debug_aranges</name>
         <load_address>0xe0</load_address>
         <run_address>0xe0</run_address>
         <size>0x20</size>
         <input_file_ref idref="fl-5a"/>
      </object_component>
      <object_component id="oc-6d">
         <name>.debug_aranges</name>
         <load_address>0x100</load_address>
         <run_address>0x100</run_address>
         <size>0x20</size>
         <input_file_ref idref="fl-2"/>
      </object_component>
      <object_component id="oc-73">
         <name>.debug_aranges</name>
         <load_address>0x120</load_address>
         <run_address>0x120</run_address>
         <size>0x20</size>
         <input_file_ref idref="fl-37"/>
      </object_component>
      <object_component id="oc-7a">
         <name>.debug_aranges</name>
         <load_address>0x140</load_address>
         <run_address>0x140</run_address>
         <size>0x20</size>
         <input_file_ref idref="fl-4b"/>
      </object_component>
      <object_component id="oc-8e">
         <name>.debug_aranges</name>
         <load_address>0x160</load_address>
         <run_address>0x160</run_address>
         <size>0x20</size>
         <input_file_ref idref="fl-32"/>
      </object_component>
      <object_component id="oc-a6">
         <name>.debug_aranges</name>
         <load_address>0x180</load_address>
         <run_address>0x180</run_address>
         <size>0x20</size>
         <input_file_ref idref="fl-2"/>
      </object_component>
      <object_component id="oc-ae">
         <name>.debug_aranges</name>
         <load_address>0x1a0</load_address>
         <run_address>0x1a0</run_address>
         <size>0x20</size>
         <input_file_ref idref="fl-36"/>
      </object_component>
      <object_component id="oc-b5">
         <name>.debug_aranges</name>
         <load_address>0x1c0</load_address>
         <run_address>0x1c0</run_address>
         <size>0x20</size>
         <input_file_ref idref="fl-2"/>
      </object_component>
      <object_component id="oc-bb">
         <name>.debug_aranges</name>
         <load_address>0x1e0</load_address>
         <run_address>0x1e0</run_address>
         <size>0x20</size>
         <input_file_ref idref="fl-2"/>
      </object_component>
      <object_component id="oc-c1">
         <name>.debug_aranges</name>
         <load_address>0x200</load_address>
         <run_address>0x200</run_address>
         <size>0x20</size>
         <input_file_ref idref="fl-2"/>
      </object_component>
      <object_component id="oc-c8">
         <name>.debug_aranges</name>
         <load_address>0x220</load_address>
         <run_address>0x220</run_address>
         <size>0x20</size>
         <input_file_ref idref="fl-2"/>
      </object_component>
      <object_component id="oc-e6">
         <name>.debug_aranges</name>
         <load_address>0x240</load_address>
         <run_address>0x240</run_address>
         <size>0x20</size>
         <input_file_ref idref="fl-49"/>
      </object_component>
      <object_component id="oc-eb">
         <name>.debug_aranges</name>
         <load_address>0x260</load_address>
         <run_address>0x260</run_address>
         <size>0x20</size>
         <input_file_ref idref="fl-3a"/>
      </object_component>
      <object_component id="oc-f1">
         <name>.debug_aranges</name>
         <load_address>0x280</load_address>
         <run_address>0x280</run_address>
         <size>0x80</size>
         <input_file_ref idref="fl-4e"/>
      </object_component>
      <object_component id="oc-f7">
         <name>.debug_aranges</name>
         <load_address>0x300</load_address>
         <run_address>0x300</run_address>
         <size>0x20</size>
         <input_file_ref idref="fl-38"/>
      </object_component>
      <object_component id="oc-fe">
         <name>.debug_aranges</name>
         <load_address>0x320</load_address>
         <run_address>0x320</run_address>
         <size>0x20</size>
         <input_file_ref idref="fl-4d"/>
      </object_component>
      <object_component id="oc-102">
         <name>.debug_aranges</name>
         <load_address>0x340</load_address>
         <run_address>0x340</run_address>
         <size>0x20</size>
         <input_file_ref idref="fl-34"/>
      </object_component>
      <object_component id="oc-107">
         <name>.debug_aranges</name>
         <load_address>0x360</load_address>
         <run_address>0x360</run_address>
         <size>0x20</size>
         <input_file_ref idref="fl-2"/>
      </object_component>
      <object_component id="oc-11e">
         <name>.debug_aranges</name>
         <load_address>0x380</load_address>
         <run_address>0x380</run_address>
         <size>0x20</size>
         <input_file_ref idref="fl-3b"/>
      </object_component>
      <object_component id="oc-127">
         <name>.debug_aranges</name>
         <load_address>0x3a0</load_address>
         <run_address>0x3a0</run_address>
         <size>0x20</size>
         <input_file_ref idref="fl-52"/>
      </object_component>
      <object_component id="oc-12d">
         <name>.debug_aranges</name>
         <load_address>0x3c0</load_address>
         <run_address>0x3c0</run_address>
         <size>0x20</size>
         <input_file_ref idref="fl-51"/>
      </object_component>
      <object_component id="oc-131">
         <name>.debug_aranges</name>
         <load_address>0x3e0</load_address>
         <run_address>0x3e0</run_address>
         <size>0x20</size>
         <input_file_ref idref="fl-5b"/>
      </object_component>
      <object_component id="oc-137">
         <name>.debug_aranges</name>
         <load_address>0x400</load_address>
         <run_address>0x400</run_address>
         <size>0x20</size>
         <input_file_ref idref="fl-54"/>
      </object_component>
      <object_component id="oc-141">
         <name>.debug_aranges</name>
         <load_address>0x420</load_address>
         <run_address>0x420</run_address>
         <size>0x20</size>
         <input_file_ref idref="fl-66"/>
      </object_component>
      <object_component id="oc-148">
         <name>.debug_aranges</name>
         <load_address>0x440</load_address>
         <run_address>0x440</run_address>
         <size>0x20</size>
         <input_file_ref idref="fl-57"/>
      </object_component>
      <object_component id="oc-14c">
         <name>.debug_aranges</name>
         <load_address>0x460</load_address>
         <run_address>0x460</run_address>
         <size>0x20</size>
         <input_file_ref idref="fl-5f"/>
      </object_component>
      <object_component id="oc-152">
         <name>.debug_aranges</name>
         <load_address>0x480</load_address>
         <run_address>0x480</run_address>
         <size>0x20</size>
         <input_file_ref idref="fl-39"/>
      </object_component>
      <object_component id="oc-159">
         <name>.debug_aranges</name>
         <load_address>0x4a0</load_address>
         <run_address>0x4a0</run_address>
         <size>0x28</size>
         <input_file_ref idref="fl-64"/>
      </object_component>
[...]
      </symbol>
      <symbol id="sm-227">
         <name>__mspabi_slll_11</name>
         <value>0xaabe</value>
         <object_component_ref idref="oc-186"/>
      </symbol>
      <symbol id="sm-228">
         <name>__mspabi_slll_10</name>
         <value>0xaac2</value>
         <object_component_ref idref="oc-186"/>
      </symbol>
      <symbol id="sm-230">
         <name>__mspabi_srli_8</name>
         <value>0xaa4e</value>
         <object_component_ref idref="oc-e4"/>
      </symbol>
      <symbol id="sm-231">
         <name>__mspabi_srli_9</name>
         <value>0xaa4a</value>
         <object_component_ref idref="oc-e4"/>
      </symbol>
      <symbol id="sm-232">
         <name>__mspabi_srli_6</name>
         <value>0xaa56</value>
         <object_component_ref idref="oc-e4"/>
      </symbol>
      <symbol id="sm-233">
         <name>__mspabi_srli_7</name>
         <value>0xaa52</value>
         <object_component_ref idref="oc-e4"/>
      </symbol>
      <symbol id="sm-234">
         <name>__mspabi_srli_4</name>
         <value>0xaa5e</value>
         <object_component_ref idref="oc-e4"/>
      </symbol>
      <symbol id="sm-235">
         <name>__mspabi_srli_5</name>
         <value>0xaa5a</value>
         <object_component_ref idref="oc-e4"/>
      </symbol>
      <symbol id="sm-236">
         <name>__mspabi_srli_2</name>
         <value>0xaa66</value>
         <object_component_ref idref="oc-e4"/>
      </symbol>
      <symbol id="sm-237">
         <name>__mspabi_srli_3</name>
         <value>0xaa62</value>
         <object_component_ref idref="oc-e4"/>
      </symbol>
      <symbol id="sm-238">
         <name>__mspabi_srli_1</name>
         <value>0xaa6a</value>
         <object_component_ref idref="oc-e4"/>
      </symbol>
      <symbol id="sm-239">
         <name>__mspabi_srli</name>
         <value>0xaa24</value>
         <object_component_ref idref="oc-e4"/>
      </symbol>
      <symbol id="sm-23a">
         <name>__mspabi_srli_15</name>
         <value>0xaa32</value>
         <object_component_ref idref="oc-e4"/>
      </symbol>
      <symbol id="sm-23b">
         <name>__mspabi_srli_14</name>
         <value>0xaa36</value>
         <object_component_ref idref="oc-e4"/>
      </symbol>
      <symbol id="sm-23c">
         <name>__mspabi_srli_13</name>
         <value>0xaa3a</value>
         <object_component_ref idref="oc-e4"/>
      </symbol>
      <symbol id="sm-23d">
         <name>__mspabi_srli_12</name>
         <value>0xaa3e</value>
         <object_component_ref idref="oc-e4"/>
      </symbol>
      <symbol id="sm-23e">
         <name>__mspabi_srli_11</name>
         <value>0xaa42</value>
         <object_component_ref idref="oc-e4"/>
      </symbol>
      <symbol id="sm-23f">
         <name>__mspabi_srli_10</name>
         <value>0xaa46</value>
         <object_component_ref idref="oc-e4"/>
      </symbol>
      <symbol id="sm-24f">
         <name>__mspabi_srll_8</name>
         <value>0xa9f2</value>
         <object_component_ref idref="oc-190"/>
      </symbol>
      <symbol id="sm-250">
         <name>__mspabi_srll_9</name>
         <value>0xa9ec</value>
         <object_component_ref idref="oc-190"/>
      </symbol>
      <symbol id="sm-251">
         <name>__mspabi_srll_6</name>
         <value>0xa9fe</value>
         <object_component_ref idref="oc-190"/>
      </symbol>
      <symbol id="sm-252">
         <name>__mspabi_srll_7</name>
         <value>0xa9f8</value>
         <object_component_ref idref="oc-190"/>
      </symbol>
      <symbol id="sm-253">
         <name>__mspabi_srll_4</name>
         <value>0xaa0a</value>
         <object_component_ref idref="oc-190"/>
      </symbol>
      <symbol id="sm-254">
         <name>__mspabi_srll_5</name>
         <value>0xaa04</value>
         <object_component_ref idref="oc-190"/>
      </symbol>
      <symbol id="sm-255">
         <name>__mspabi_srll_2</name>
         <value>0xaa16</value>
         <object_component_ref idref="oc-190"/>
      </symbol>
      <symbol id="sm-256">
         <name>__mspabi_srll_3</name>
         <value>0xaa10</value>
         <object_component_ref idref="oc-190"/>
      </symbol>
      <symbol id="sm-257">
         <name>__mspabi_srll_1</name>
         <value>0xaa1c</value>
         <object_component_ref idref="oc-190"/>
      </symbol>
      <symbol id="sm-258">
         <name>__mspabi_srll_15</name>
         <value>0xa9c8</value>
         <object_component_ref idref="oc-190"/>
      </symbol>
      <symbol id="sm-259">
         <name>__mspabi_srll_14</name>
         <value>0xa9ce</value>
         <object_component_ref idref="oc-190"/>
      </symbol>
      <symbol id="sm-25a">
         <name>__mspabi_srll_13</name>
         <value>0xa9d4</value>
         <object_component_ref idref="oc-190"/>
      </symbol>
      <symbol id="sm-25b">
         <name>__mspabi_srll_12</name>
         <value>0xa9da</value>
         <object_component_ref idref="oc-190"/>
      </symbol>
      <symbol id="sm-25c">
         <name>__mspabi_srll_11</name>
         <value>0xa9e0</value>
         <object_component_ref idref="oc-190"/>
      </symbol>
      <symbol id="sm-25d">
         <name>__mspabi_srll_10</name>
         <value>0xa9e6</value>
         <object_component_ref idref="oc-190"/>
      </symbol>
      <symbol id="sm-25e">
         <name>__mspabi_srll</name>
         <value>0xae46</value>
         <object_component_ref idref="oc-1cd"/>
      </symbol>
      <symbol id="sm-26c">
         <name>memcpy</name>
         <value>0xae58</value>
         <object_component_ref idref="oc-78"/>
      </symbol>
      <symbol id="sm-277">
         <name>__mspabi_mpyi</name>
         <value>0xae20</value>
         <object_component_ref idref="oc-fb"/>
      </symbol>
      <symbol id="sm-2c1">
         <name>pow</name>
         <value>0x8000</value>
         <object_component_ref idref="oc-ef"/>
      </symbol>
      <symbol id="sm-2ca">
         <name>_system_pre_init</name>
         <value>0xaedc</value>
         <object_component_ref idref="oc-5f"/>
      </symbol>
      <symbol id="sm-2d6">
         <name>__mspabi_subd</name>
         <value>0xabf0</value>
         <object_component_ref idref="oc-162"/>
      </symbol>
      <symbol id="sm-2f0">
         <name>_Dint</name>
         <value>0xa50a</value>
         <object_component_ref idref="oc-129"/>
      </symbol>
      <symbol id="sm-301">
         <name>_Dunscale</name>
         <value>0xa7b6</value>
         <object_component_ref idref="oc-123"/>
      </symbol>
      <symbol id="sm-32a">
         <name>_Exp</name>
         <value>0x8f60</value>
         <object_component_ref idref="oc-174"/>
      </symbol>
      <symbol id="sm-336">
         <name>_Feraise</name>
         <value>0xab5c</value>
         <object_component_ref idref="oc-135"/>
      </symbol>
      <symbol id="sm-33d">
         <name>_Rteps</name>
         <value>0x260</value>
         <object_component_ref idref="oc-13b"/>
      </symbol>
      <symbol id="sm-33e">
         <name>_Zero</name>
         <value>0x278</value>
         <object_component_ref idref="oc-13b"/>
      </symbol>
      <symbol id="sm-33f">
         <name>_Hugeval</name>
         <value>0x220</value>
         <object_component_ref idref="oc-13b"/>
      </symbol>
      <symbol id="sm-340">
         <name>_Snan</name>
         <value>0x250</value>
         <object_component_ref idref="oc-13b"/>
      </symbol>
      <symbol id="sm-341">
         <name>_Nan</name>
         <value>0x240</value>
         <object_component_ref idref="oc-13b"/>
      </symbol>
      <symbol id="sm-342">
         <name>_Inf</name>
         <value>0x230</value>
         <object_component_ref idref="oc-13b"/>
      </symbol>
      <symbol id="sm-343">
         <name>_Xbig</name>
         <value>0x270</value>
         <object_component_ref idref="oc-13b"/>
      </symbol>
      <symbol id="sm-344">
         <name>_Eps</name>
         <value>0x210</value>
         <object_component_ref idref="oc-13b"/>
      </symbol>
      <symbol id="sm-345">
         <name>_Denorm</name>
         <value>0x200</value>
         <object_component_ref idref="oc-13b"/>
      </symbol>
      <symbol id="sm-356">
         <name>_nop</name>
         <value>0xaee4</value>
         <object_component_ref idref="oc-2ac"/>
      </symbol>
      <symbol id="sm-357">
         <name>_lock</name>
         <value>0x346</value>
         <object_component_ref idref="oc-299"/>
      </symbol>
      <symbol id="sm-358">
         <name>_unlock</name>
         <value>0x348</value>
         <object_component_ref idref="oc-299"/>
      </symbol>
      <symbol id="sm-37a">
         <name>__mspabi_addd</name>
         <value>0x95f0</value>
         <object_component_ref idref="oc-144"/>
      </symbol>
      <symbol id="sm-383">
         <name>__mspabi_srai</name>
         <value>0xac7a</value>
         <object_component_ref idref="oc-1a7"/>
      </symbol>
      <symbol id="sm-384">
         <name>__mspabi_srai_8</name>
         <value>0xac94</value>
         <object_component_ref idref="oc-1a7"/>
      </symbol>
      <symbol id="sm-385">
         <name>__mspabi_srai_9</name>
         <value>0xac92</value>
         <object_component_ref idref="oc-1a7"/>
      </symbol>
      <symbol id="sm-386">
         <name>__mspabi_srai_6</name>
         <value>0xac98</value>
         <object_component_ref idref="oc-1a7"/>
      </symbol>
      <symbol id="sm-387">
         <name>__mspabi_srai_7</name>
         <value>0xac96</value>
         <object_component_ref idref="oc-1a7"/>
      </symbol>
      <symbol id="sm-388">
         <name>__mspabi_srai_4</name>
         <value>0xac9c</value>
         <object_component_ref idref="oc-1a7"/>
      </symbol>
      <symbol id="sm-389">
         <name>__mspabi_srai_5</name>
         <value>0xac9a</value>
         <object_component_ref idref="oc-1a7"/>
      </symbol>
      <symbol id="sm-38a">
         <name>__mspabi_srai_2</name>
         <value>0xaca0</value>
         <object_component_ref idref="oc-1a7"/>
      </symbol>
      <symbol id="sm-38b">
         <name>__mspabi_srai_3</name>
         <value>0xac9e</value>
         <object_component_ref idref="oc-1a7"/>
      </symbol>
      <symbol id="sm-38c">
         <name>__mspabi_srai_1</name>
         <value>0xaca2</value>
         <object_component_ref idref="oc-1a7"/>
      </symbol>
      <symbol id="sm-38d">
         <name>__mspabi_srai_15</name>
         <value>0xac86</value>
         <object_component_ref idref="oc-1a7"/>
      </symbol>
      <symbol id="sm-38e">
         <name>__mspabi_srai_14</name>
         <value>0xac88</value>
         <object_component_ref idref="oc-1a7"/>
      </symbol>
      <symbol id="sm-38f">
         <name>__mspabi_srai_13</name>
         <value>0xac8a</value>
         <object_component_ref idref="oc-1a7"/>
      </symbol>
      <symbol id="sm-390">
         <name>__mspabi_srai_12</name>
         <value>0xac8c</value>
         <object_component_ref idref="oc-1a7"/>
      </symbol>
      <symbol id="sm-391">
         <name>__mspabi_srai_11</name>
         <value>0xac8e</value>
         <object_component_ref idref="oc-1a7"/>
      </symbol>
      <symbol id="sm-392">
         <name>__mspabi_srai_10</name>
         <value>0xac90</value>
         <object_component_ref idref="oc-1a7"/>
      </symbol>
      <symbol id="sm-3a8">
         <name>_auto_init</name>
         <value>0xa96a</value>
         <object_component_ref idref="oc-65"/>
      </symbol>
      <symbol id="sm-3c5">
         <name>__mspabi_cmpd</name>
         <value>0xa42e</value>
         <object_component_ref idref="oc-12f"/>
      </symbol>
      <symbol id="sm-3e6">
         <name>__mspabi_divd</name>
         <value>0x9da6</value>
         <object_component_ref idref="oc-16e"/>
      </symbol>
      <symbol id="sm-3ed">
         <name>_Errno</name>
         <value>0x34a</value>
         <object_component_ref idref="oc-1b7"/>
      </symbol>
      <symbol id="sm-405">
         <name>feraiseexcept</name>
         <value>0xac1e</value>
         <object_component_ref idref="oc-1b1"/>
      </symbol>
      <symbol id="sm-406">
         <name>_Tls_setup__Fenv</name>
         <value>0x344</value>
         <object_component_ref idref="oc-211"/>
      </symbol>
      <symbol id="sm-407">
         <name>_Fenv</name>
         <value>0x340</value>
         <object_component_ref idref="oc-211"/>
      </symbol>
      <symbol id="sm-413">
         <name>__mspabi_fltid</name>
         <value>0xaea8</value>
         <object_component_ref idref="oc-14a"/>
      </symbol>
      <symbol id="sm-42a">
         <name>__mspabi_fltlid</name>
         <value>0xa694</value>
         <object_component_ref idref="oc-15c"/>
      </symbol>
      <symbol id="sm-44b">
         <name>__TI_frcaddd</name>
         <value>0x9b46</value>
         <object_component_ref idref="oc-1c3"/>
      </symbol>
      <symbol id="sm-466">
         <name>__TI_frcdivd</name>
         <value>0x86a4</value>
         <object_component_ref idref="oc-1e8"/>
      </symbol>
      <symbol id="sm-472">
         <name>log</name>
         <value>0xae9a</value>
         <object_component_ref idref="oc-168"/>
      </symbol>
      <symbol id="sm-494">
         <name>__mspabi_mpyd</name>
         <value>0x98d8</value>
         <object_component_ref idref="oc-156"/>
      </symbol>
      <symbol id="sm-49e">
         <name>__mspabi_mpyl</name>
         <value>0xad50</value>
         <object_component_ref idref="oc-236"/>
      </symbol>
      <symbol id="sm-4a7">
         <name>__mspabi_negd</name>
         <value>0xacfe</value>
         <object_component_ref idref="oc-13e"/>
      </symbol>
      <symbol id="sm-4ba">
         <name>raise</name>
         <value>0xab8e</value>
         <object_component_ref idref="oc-214"/>
      </symbol>
      <symbol id="sm-4cd">
         <name>__TI_renormd</name>
         <value>0xa5d6</value>
         <object_component_ref idref="oc-227"/>
      </symbol>
      <symbol id="sm-4e1">
         <name>signal</name>
         <value>0xab24</value>
         <object_component_ref idref="oc-273"/>
      </symbol>
      <symbol id="sm-4f4">
         <name>_Dnorm</name>
         <value>0xa31e</value>
         <object_component_ref idref="oc-19e"/>
      </symbol>
      <symbol id="sm-511">
         <name>_Dscale</name>
         <value>0x9fde</value>
         <object_component_ref idref="oc-1f6"/>
      </symbol>
      <symbol id="sm-53a">
         <name>_Log</name>
         <value>0x8b06</value>
         <object_component_ref idref="oc-1e0"/>
      </symbol>
      <symbol id="sm-54a">
         <name>__mspabi_sral</name>
         <value>0xae6a</value>
         <object_component_ref idref="oc-222"/>
      </symbol>
      <symbol id="sm-54b">
         <name>__mspabi_sral_15</name>
         <value>0xaa70</value>
         <object_component_ref idref="oc-23b"/>
      </symbol>
      <symbol id="sm-54c">
         <name>__mspabi_sral_14</name>
         <value>0xaa74</value>
         <object_component_ref idref="oc-23b"/>
      </symbol>
      <symbol id="sm-54d">
         <name>__mspabi_sral_13</name>
         <value>0xaa78</value>
         <object_component_ref idref="oc-23b"/>
      </symbol>
      <symbol id="sm-54e">
         <name>__mspabi_sral_12</name>
         <value>0xaa7c</value>
         <object_component_ref idref="oc-23b"/>
      </symbol>
      <symbol id="sm-54f">
         <name>__mspabi_sral_11</name>
         <value>0xaa80</value>
         <object_component_ref idref="oc-23b"/>
      </symbol>
      <symbol id="sm-550">
         <name>__mspabi_sral_10</name>
         <value>0xaa84</value>
         <object_component_ref idref="oc-23b"/>
      </symbol>
      <symbol id="sm-551">
         <name>__mspabi_sral_8</name>
         <value>0xaa8c</value>
         <object_component_ref idref="oc-23b"/>
      </symbol>
      <symbol id="sm-552">
         <name>__mspabi_sral_9</name>
         <value>0xaa88</value>
         <object_component_ref idref="oc-23b"/>
      </symbol>
      <symbol id="sm-553">
         <name>__mspabi_sral_6</name>
         <value>0xaa94</value>
         <object_component_ref idref="oc-23b"/>
      </symbol>
      <symbol id="sm-554">
         <name>__mspabi_sral_7</name>
         <value>0xaa90</value>
         <object_component_ref idref="oc-23b"/>
      </symbol>
      <symbol id="sm-555">
         <name>__mspabi_sral_4</name>
         <value>0xaa9c</value>
         <object_component_ref idref="oc-23b"/>
      </symbol>
      <symbol id="sm-556">
         <name>__mspabi_sral_5</name>
         <value>0xaa98</value>
         <object_component_ref idref="oc-23b"/>
      </symbol>
      <symbol id="sm-557">
         <name>__mspabi_sral_2</name>
         <value>0xaaa4</value>
         <object_component_ref idref="oc-23b"/>
      </symbol>
      <symbol id="sm-558">
         <name>__mspabi_sral_3</name>
         <value>0xaaa0</value>
         <object_component_ref idref="oc-23b"/>
      </symbol>
      <symbol id="sm-559">
         <name>__mspabi_sral_1</name>
         <value>0xaaa8</value>
         <object_component_ref idref="oc-23b"/>
      </symbol>
      <symbol id="sm-56f">
         <name>__mspabi_cvtfd</name>
         <value>0xa8a4</value>
         <object_component_ref idref="oc-250"/>
      </symbol>
      <symbol id="sm-580">
         <name>__TI_frcmpyd</name>
         <value>0x92fc</value>
         <object_component_ref idref="oc-1d4"/>
      </symbol>
      <symbol id="sm-589">
         <name>__mspabi_negf</name>
         <value>0xaec0</value>
         <object_component_ref idref="oc-24b"/>
      </symbol>
      <symbol id="sm-590">
         <name>_FZero</name>
         <value>0x2e4</value>
         <object_component_ref idref="oc-248"/>
      </symbol>
      <symbol id="sm-591">
         <name>_FRteps</name>
         <value>0x2d0</value>
         <object_component_ref idref="oc-248"/>
      </symbol>
      <symbol id="sm-592">
         <name>_FSnan</name>
         <value>0x2c0</value>
         <object_component_ref idref="oc-248"/>
      </symbol>
      <symbol id="sm-593">
         <name>_FNan</name>
         <value>0x2b0</value>
         <object_component_ref idref="oc-248"/>
      </symbol>
      <symbol id="sm-594">
         <name>_FInf</name>
         <value>0x2a0</value>
         <object_component_ref idref="oc-248"/>
      </symbol>
      <symbol id="sm-595">
         <name>_FEps</name>
         <value>0x290</value>
         <object_component_ref idref="oc-248"/>
      </symbol>
      <symbol id="sm-596">
         <name>_FXbig</name>
         <value>0x2e0</value>
         <object_component_ref idref="oc-248"/>
      </symbol>
      <symbol id="sm-597">
         <name>_FDenorm</name>
         <value>0x280</value>
         <object_component_ref idref="oc-248"/>
      </symbol>
      <symbol id="sm-598">
         <name>__TI_exit</name>
         <value>0x1</value>
      </symbol>
      <symbol id="sm-599">
         <name>__TI_args_main</name>
         <value>0x1</value>
      </symbol>
      <symbol id="sm-59a">
         <name>__TI_INITARRAY_Base</name>
         <value>0x0</value>
      </symbol>
      <symbol id="sm-59b">
         <name>__TI_INITARRAY_Limit</name>
         <value>0x0</value>
      </symbol>
   </symbol_table>
   <title>Link successful</title>
</link_info>
