******************************************************************************
                  MSP430 Linker PC v4.3.3                      
******************************************************************************
>> Linked Fri Nov 14 18:26:05 2014

OUTPUT FILE NAME:   <adc_OHv1.out>
ENTRY POINT SYMBOL: "_c_int00"  address: 0000addc


MEMORY CONFIGURATION

         name            origin    length      used     unused   attr    fill
----------------------  --------  ---------  --------  --------  ----  --------
  SFR                   00000000   00000010  00000000  00000010  RWIX
  PERIPHERALS_8BIT      00000010   000000f0  00000000  000000f0  RWIX
  PERIPHERALS_16BIT     00000100   00000100  00000000  00000100  RWIX
  RAM                   00000200   00000400  000001a0  00000260  RWIX
  INFOD                 00001000   00000040  00000000  00000040  RWIX
  INFOC                 00001040   00000040  00000000  00000040  RWIX
  INFOB                 00001080   00000040  00000000  00000040  RWIX
  INFOA                 000010c0   00000040  00000000  00000040  RWIX
  FLASH                 00008000   00007fde  00003020  00004fbe  RWIX
  INT00                 0000ffe0   00000002  00000000  00000002  RWIX
  INT01                 0000ffe2   00000002  00000000  00000002  RWIX
  INT02                 0000ffe4   00000002  00000002  00000000  RWIX
  INT03                 0000ffe6   00000002  00000002  00000000  RWIX
  INT04                 0000ffe8   00000002  00000000  00000002  RWIX
  INT05                 0000ffea   00000002  00000002  00000000  RWIX
  INT06                 0000ffec   00000002  00000002  00000000  RWIX
  INT07                 0000ffee   00000002  00000002  00000000  RWIX
  INT08                 0000fff0   00000002  00000002  00000000  RWIX
  INT09                 0000fff2   00000002  00000002  00000000  RWIX
  INT10                 0000fff4   00000002  00000002  00000000  RWIX
  INT11                 0000fff6   00000002  00000000  00000002  RWIX
  INT12                 0000fff8   00000002  00000002  00000000  RWIX
  INT13                 0000fffa   00000002  00000002  00000000  RWIX
  INT14                 0000fffc   00000002  00000002  00000000  RWIX
  RESET                 0000fffe   00000002  00000002  00000000  RWIX


SECTION ALLOCATION MAP

 output                                  attributes/
section   page    origin      length       input sections
--------  ----  ----------  ----------   ----------------
.init_array 
*          0    00008000    00000000     UNINITIALIZED

.data      0    00000200    0000014c     UNINITIALIZED
                  00000200    00000080     rts430_eabi.lib : xvalues.obj (.data)
                  00000280    00000068                     : xfvalues.obj (.data)
                  000002e8    00000058                     : signal.obj (.data:sigtable)
                  00000340    00000006                     : feraiseexcept.obj (.data)
                  00000346    00000004                     : _lock.obj (.data)
                  0000034a    00000002                     : errno.obj (.data)

.TI.persistent 
*          0    00000200    00000000     UNINITIALIZED

.bss       0    0000034c    00000004     UNINITIALIZED
                  0000034c    00000004     (.common:res)

.TI.noinit 
*          0    0000034c    00000000     UNINITIALIZED

.stack     0    000005b0    00000050     UNINITIALIZED
                  000005b0    00000002     rts430_eabi.lib : boot.obj (.stack)
                  000005b2    0000004e     --HOLE--

.text      0    00008000    00002ee6     
                  00008000    000006a4     rts430_eabi.lib : pow.obj (.text:pow)
                  000086a4    00000462                     : frcdivd.obj (.text:__TI_frcdivd)
                  00008b06    0000045a                     : xlog.obj (.text:_Log)
                  00008f60    0000039c                     : xexp.obj (.text:_Exp)
                  000092fc    000002f4                     : frcmpyd.obj (.text:__TI_frcmpyd)
                  000095f0    000002e8                     : addd.obj (.text:__mspabi_addd)
                  000098d8    0000026e                     : mpyd.obj (.text:__mspabi_mpyd)
                  00009b46    00000260                     : frcaddd.obj (.text:__TI_frcaddd)
                  00009da6    00000238                     : divd.obj (.text:__mspabi_divd)
                  00009fde    000001b4                     : xdscale.obj (.text:_Dscale)
                  0000a192    0000018c     main.obj (.text:send_blocks)
                  0000a31e    00000110     rts430_eabi.lib : xdnorm.obj (.text:_Dnorm)
                  0000a42e    000000dc                     : cmpd.obj (.text:__mspabi_cmpd)
                  0000a50a    000000cc                     : xdint.obj (.text:_Dint)
                  0000a5d6    000000be                     : renormd.obj (.text:__TI_renormd)
                  0000a694    000000a2                     : fltlid.obj (.text:__mspabi_fltlid)
                  0000a736    00000080                     : fltuld.obj (.text:__mspabi_fltuld)
                  0000a7b6    0000007c                     : xdunscal.obj (.text:_Dunscale)
                  0000a832    00000072                     : fixdli.obj (.text:__mspabi_fixdli)
                  0000a8a4    00000068                     : cvtfd.obj (.text:__mspabi_cvtfd)
                  0000a90c    0000005e                     : copy_decompress_rle.obj (.text:__TI_decompress_rle_core)
                  0000a96a    0000005e                     : autoinit.obj (.text:_auto_init)
                  0000a9c8    0000005c                     : lsr32.obj (.text:l_lsr_const)
                  0000aa24    0000004c                     : lsr16.obj (.text)
                  0000aa70    0000003e                     : asr32.obj (.text:l_asr_const)
                  0000aaae    0000003e                     : lsl32.obj (.text:l_lsl_const)
                  0000aaec    00000038     main.obj (.text:main)
                  0000ab24    00000038     rts430_eabi.lib : signal.obj (.text:signal)
                  0000ab5c    00000032                     : xferaise.obj (.text:_Feraise)
                  0000ab8e    00000032                     : raise.obj (.text:raise)
                  0000abc0    00000030     main.obj (.text:setup_UART)
                  0000abf0    0000002e     rts430_eabi.lib : subd.obj (.text:__mspabi_subd)
                  0000ac1e    0000002e                     : feraiseexcept.obj (.text:feraiseexcept)
                  0000ac4c    0000002e     main.obj (.text:reset)
                  0000ac7a    0000002c     rts430_eabi.lib : asr16.obj (.text)
                  0000aca6    0000002c                     : div16s.obj (.text)
                  0000acd2    0000002c                     : lsl16.obj (.text)
                  0000acfe    0000002a                     : negd.obj (.text:__mspabi_negd)
                  0000ad28    00000028                     : fixdi.obj (.text:__mspabi_fixdi)
                  0000ad50    00000026                     : mult32.obj (.text)
                  0000ad76    00000024     main.obj (.text:ADC10_ISR)
                  0000ad9a    00000024     main.obj (.text:println)
                  0000adbe    0000001e     main.obj (.text:setup_ADC)
                  0000addc    0000001a     rts430_eabi.lib : boot.obj (.text:_c_int00_noexit)
                  0000adf6    00000016                     : div16u.obj (.text)
                  0000ae0c    00000014                     : copy_zero_init.obj (.text:decompress:ZI:__TI_zero_init)
                  0000ae20    00000014                     : mult16.obj (.text)
                  0000ae34    00000012                     : copy_decompress_none.obj (.text:decompress:none:__TI_decompress_none)
                  0000ae46    00000012                     : lsr32.obj (.text:l_lsr)
                  0000ae58    00000012                     : memcpy.obj (.text:memcpy)
                  0000ae6a    00000010                     : asr32.obj (.text:l_asr)
                  0000ae7a    00000010                     : lsl32.obj (.text:l_lsl)
                  0000ae8a    00000010                     : epilog.obj (.text)
                  0000ae9a    0000000e                     : log.obj (.text:log)
                  0000aea8    0000000c                     : fltid.obj (.text:__mspabi_fltid)
                  0000aeb4    0000000c     main.obj (.text:send_byte)
                  0000aec0    0000000a     rts430_eabi.lib : fs_neg.obj (.text)
                  0000aeca    00000006                     : isr_trap.obj (.text:__TI_ISR_TRAP)
                  0000aed0    00000006                     : fltud.obj (.text:__mspabi_fltud)
                  0000aed6    00000006                     : copy_decompress_rle.obj (.text:decompress:rle24:__TI_decompress_rle24)
                  0000aedc    00000004                     : pre_init.obj (.text:_system_pre_init)
                  0000aee0    00000004                     : exit.obj (.text:abort)
                  0000aee4    00000002                     : _lock.obj (.text:_nop)

.const     0    0000aee6    000000ca     
                  0000aee6    00000042     main.obj (.const:.string)
                  0000af28    00000038     rts430_eabi.lib : xlog.obj (.const:p)
                  0000af60    00000020                     : xdint.obj (.const:mask$1)
                  0000af80    00000018                     : xexp.obj (.const:s)
                  0000af98    00000010                     : xexp.obj (.const:c)
                  0000afa8    00000008                     : xdint.obj (.const:sub$2)

.cinit     0    0000afb0    00000070     
                  0000afb0    0000005d     (.cinit..data.load) [load image, compression = rle]
                  0000b00d    00000001     --HOLE-- [fill = 0]
                  0000b00e    00000006     (__TI_handler_table)
                  0000b014    00000004     (.cinit..bss.load) [load image, compression = zero_init]
                  0000b018    00000008     (__TI_cinit_table)

PORT1      0    0000ffe4    00000002     
                  0000ffe4    00000002     rts430_eabi.lib : int02.obj (.int02)

PORT2      0    0000ffe6    00000002     
                  0000ffe6    00000002     rts430_eabi.lib : int03.obj (.int03)

ADC10      0    0000ffea    00000002     
                  0000ffea    00000002     main.obj (.int05)

USCIAB0TX 
*          0    0000ffec    00000002     
                  0000ffec    00000002     rts430_eabi.lib : int06.obj (.int06)

USCIAB0RX 
*          0    0000ffee    00000002     
                  0000ffee    00000002     rts430_eabi.lib : int07.obj (.int07)

TIMERA1    0    0000fff0    00000002     
                  0000fff0    00000002     rts430_eabi.lib : int08.obj (.int08)

TIMERA0    0    0000fff2    00000002     
                  0000fff2    00000002     rts430_eabi.lib : int09.obj (.int09)

WDT        0    0000fff4    00000002     
                  0000fff4    00000002     rts430_eabi.lib : int10.obj (.int10)

TIMERB1    0    0000fff8    00000002     
                  0000fff8    00000002     rts430_eabi.lib : int12.obj (.int12)

TIMERB0    0    0000fffa    00000002     
                  0000fffa    00000002     rts430_eabi.lib : int13.obj (.int13)

NMI        0    0000fffc    00000002     
                  0000fffc    00000002     rts430_eabi.lib : int14.obj (.int14)

.reset     0    0000fffe    00000002     
                  0000fffe    00000002     rts430_eabi.lib : boot.obj (.reset)


LINKER GENERATED COPY TABLES

__TI_cinit_table @ 0000b018 records: 2, size/record: 4, table size: 8
	.data: load addr=0000afb0, load size=0000005d bytes, run addr=00000200, run size=0000014c bytes, compression=rle
	.bss: load addr=0000b014, load size=00000004 bytes, run addr=0000034c, run size=00000004 bytes, compression=zero_init


LINKER GENERATED HANDLER TABLE

__TI_handler_table @ 0000b00e records: 3, size/record: 2, table size: 6
	index: 0, handler: __TI_zero_init
	index: 1, handler: __TI_decompress_rle24
	index: 2, handler: __TI_decompress_none


GLOBAL SYMBOLS: SORTED ALPHABETICALLY BY Name 

address    name
--------   ----
0000004a   ADC10AE0
0000004b   ADC10AE1
000001b0   ADC10CTL0
000001b2   ADC10CTL1
00000048   ADC10DTC0
00000049   ADC10DTC1
000001b4   ADC10MEM
000001bc   ADC10SA
0000ad76   ADC10_ISR
00000057   BCSCTL1
00000058   BCSCTL2
00000053   BCSCTL3
0000aee0   C$$EXIT
000010fb   CALBC1_12MHZ
000010f9   CALBC1_16MHZ
000010ff   CALBC1_1MHZ
000010fd   CALBC1_8MHZ
000010fa   CALDCO_12MHZ
000010f8   CALDCO_16MHZ
000010fe   CALDCO_1MHZ
000010fc   CALDCO_8MHZ
00000056   DCOCTL
00000128   FCTL1
0000012a   FCTL2
0000012c   FCTL3
00000000   IE1
00000001   IE2
00000002   IFG1
00000003   IFG2
000000c0   OA0CTL0
000000c1   OA0CTL1
000000c2   OA1CTL0
000000c3   OA1CTL1
00000022   P1DIR
00000025   P1IE
00000024   P1IES
00000023   P1IFG
00000020   P1IN
00000021   P1OUT
00000027   P1REN
00000026   P1SEL
0000002a   P2DIR
0000002d   P2IE
0000002c   P2IES
0000002b   P2IFG
00000028   P2IN
00000029   P2OUT
0000002f   P2REN
0000002e   P2SEL
0000001a   P3DIR
00000018   P3IN
00000019   P3OUT
00000010   P3REN
0000001b   P3SEL
0000001e   P4DIR
0000001c   P4IN
0000001d   P4OUT
00000011   P4REN
0000001f   P4SEL
00000172   TACCR0
00000174   TACCR1
00000176   TACCR2
00000162   TACCTL0
00000164   TACCTL1
00000166   TACCTL2
00000160   TACTL
0000012e   TAIV
00000170   TAR
00000192   TBCCR0
00000194   TBCCR1
00000196   TBCCR2
00000182   TBCCTL0
00000184   TBCCTL1
00000186   TBCCTL2
00000180   TBCTL
0000011e   TBIV
00000190   TBR
0000005d   UCA0ABCTL
00000062   UCA0BR0
00000063   UCA0BR1
00000060   UCA0CTL0
00000061   UCA0CTL1
0000005f   UCA0IRRCTL
0000005e   UCA0IRTCTL
00000064   UCA0MCTL
00000066   UCA0RXBUF
00000065   UCA0STAT
00000067   UCA0TXBUF
0000006a   UCB0BR0
0000006b   UCB0BR1
00000068   UCB0CTL0
00000069   UCB0CTL1
0000006c   UCB0I2CIE
00000118   UCB0I2COA
0000011a   UCB0I2CSA
0000006e   UCB0RXBUF
0000006d   UCB0STAT
0000006f   UCB0TXBUF
00000120   WDTCTL
00000200   _Denorm
0000a50a   _Dint
0000a31e   _Dnorm
00009fde   _Dscale
0000a7b6   _Dunscale
00000210   _Eps
0000034a   _Errno
00008f60   _Exp
00000280   _FDenorm
00000290   _FEps
000002a0   _FInf
000002b0   _FNan
000002d0   _FRteps
000002c0   _FSnan
000002e0   _FXbig
000002e4   _FZero
00000340   _Fenv
0000ab5c   _Feraise
00000220   _Hugeval
00000230   _Inf
00008b06   _Log
00000240   _Nan
00000260   _Rteps
00000250   _Snan
00000344   _Tls_setup__Fenv
00000270   _Xbig
00000278   _Zero
00000600   __STACK_END
00000050   __STACK_SIZE
0000b018   __TI_CINIT_Base
0000b020   __TI_CINIT_Limit
0000b00e   __TI_Handler_Table_Base
0000b014   __TI_Handler_Table_Limit
UNDEFED    __TI_INITARRAY_Base
UNDEFED    __TI_INITARRAY_Limit
0000aeca   __TI_ISR_TRAP
00000001   __TI_args_main
0000ae34   __TI_decompress_none
0000aed6   __TI_decompress_rle24
00000001   __TI_exit
00009b46   __TI_frcaddd
000086a4   __TI_frcdivd
000092fc   __TI_frcmpyd
0000ffe4   __TI_int02
0000ffe6   __TI_int03
0000ffea   __TI_int05
0000ffec   __TI_int06
0000ffee   __TI_int07
0000fff0   __TI_int08
0000fff2   __TI_int09
0000fff4   __TI_int10
0000fff8   __TI_int12
0000fffa   __TI_int13
0000fffc   __TI_int14
0000a5d6   __TI_renormd
0000ae0c   __TI_zero_init
ffffffff   __binit__
ffffffff   __c_args__
000095f0   __mspabi_addd
0000a42e   __mspabi_cmpd
0000a8a4   __mspabi_cvtfd
00009da6   __mspabi_divd
0000aca6   __mspabi_divi
0000adf6   __mspabi_divu
0000ad28   __mspabi_fixdi
0000a832   __mspabi_fixdli
0000aea8   __mspabi_fltid
0000a694   __mspabi_fltlid
0000aed0   __mspabi_fltud
0000a736   __mspabi_fltuld
0000ae96   __mspabi_func_epilog_1
0000ae94   __mspabi_func_epilog_2
0000ae92   __mspabi_func_epilog_3
0000ae90   __mspabi_func_epilog_4
0000ae8e   __mspabi_func_epilog_5
0000ae8c   __mspabi_func_epilog_6
0000ae8a   __mspabi_func_epilog_7
000098d8   __mspabi_mpyd
0000ae20   __mspabi_mpyi
0000ad50   __mspabi_mpyl
0000acfe   __mspabi_negd
0000aec0   __mspabi_negf
0000aca6   __mspabi_remi
0000adf6   __mspabi_remu
0000acd2   __mspabi_slli
0000acfa   __mspabi_slli_1
0000ace8   __mspabi_slli_10
0000ace6   __mspabi_slli_11
0000ace4   __mspabi_slli_12
0000ace2   __mspabi_slli_13
0000ace0   __mspabi_slli_14
0000acde   __mspabi_slli_15
0000acf8   __mspabi_slli_2
0000acf6   __mspabi_slli_3
0000acf4   __mspabi_slli_4
0000acf2   __mspabi_slli_5
0000acf0   __mspabi_slli_6
0000acee   __mspabi_slli_7
0000acec   __mspabi_slli_8
0000acea   __mspabi_slli_9
0000ae7a   __mspabi_slll
0000aae6   __mspabi_slll_1
0000aac2   __mspabi_slll_10
0000aabe   __mspabi_slll_11
0000aaba   __mspabi_slll_12
0000aab6   __mspabi_slll_13
0000aab2   __mspabi_slll_14
0000aaae   __mspabi_slll_15
0000aae2   __mspabi_slll_2
0000aade   __mspabi_slll_3
0000aada   __mspabi_slll_4
0000aad6   __mspabi_slll_5
0000aad2   __mspabi_slll_6
0000aace   __mspabi_slll_7
0000aaca   __mspabi_slll_8
0000aac6   __mspabi_slll_9
0000ac7a   __mspabi_srai
0000aca2   __mspabi_srai_1
0000ac90   __mspabi_srai_10
0000ac8e   __mspabi_srai_11
0000ac8c   __mspabi_srai_12
0000ac8a   __mspabi_srai_13
0000ac88   __mspabi_srai_14
0000ac86   __mspabi_srai_15
0000aca0   __mspabi_srai_2
0000ac9e   __mspabi_srai_3
0000ac9c   __mspabi_srai_4
0000ac9a   __mspabi_srai_5
0000ac98   __mspabi_srai_6
0000ac96   __mspabi_srai_7
0000ac94   __mspabi_srai_8
0000ac92   __mspabi_srai_9
0000ae6a   __mspabi_sral
0000aaa8   __mspabi_sral_1
0000aa84   __mspabi_sral_10
0000aa80   __mspabi_sral_11
0000aa7c   __mspabi_sral_12
0000aa78   __mspabi_sral_13
0000aa74   __mspabi_sral_14
0000aa70   __mspabi_sral_15
0000aaa4   __mspabi_sral_2
0000aaa0   __mspabi_sral_3
0000aa9c   __mspabi_sral_4
0000aa98   __mspabi_sral_5
0000aa94   __mspabi_sral_6
0000aa90   __mspabi_sral_7
0000aa8c   __mspabi_sral_8
0000aa88   __mspabi_sral_9
0000aa24   __mspabi_srli
0000aa6a   __mspabi_srli_1
0000aa46   __mspabi_srli_10
0000aa42   __mspabi_srli_11
0000aa3e   __mspabi_srli_12
0000aa3a   __mspabi_srli_13
0000aa36   __mspabi_srli_14
0000aa32   __mspabi_srli_15
0000aa66   __mspabi_srli_2
0000aa62   __mspabi_srli_3
0000aa5e   __mspabi_srli_4
0000aa5a   __mspabi_srli_5
0000aa56   __mspabi_srli_6
0000aa52   __mspabi_srli_7
0000aa4e   __mspabi_srli_8
0000aa4a   __mspabi_srli_9
0000ae46   __mspabi_srll
0000aa1c   __mspabi_srll_1
0000a9e6   __mspabi_srll_10
0000a9e0   __mspabi_srll_11
0000a9da   __mspabi_srll_12
0000a9d4   __mspabi_srll_13
0000a9ce   __mspabi_srll_14
0000a9c8   __mspabi_srll_15
0000aa16   __mspabi_srll_2
0000aa10   __mspabi_srll_3
0000aa0a   __mspabi_srll_4
0000aa04   __mspabi_srll_5
0000a9fe   __mspabi_srll_6
0000a9f8   __mspabi_srll_7
0000a9f2   __mspabi_srll_8
0000a9ec   __mspabi_srll_9
0000abf0   __mspabi_subd
0000a96a   _auto_init
0000addc   _c_int00
0000addc   _c_int00_noexit
00000346   _lock
0000aee4   _nop
0000fffe   _reset_vector
000005b0   _stack
0000aedc   _system_pre_init
00000348   _unlock
0000aee0   abort
ffffffff   binit
0000ac1e   feraiseexcept
0000ae9a   log
0000aaec   main
0000ae58   memcpy
00008000   pow
0000ad9a   println
0000ab8e   raise
0000034c   res
0000ac4c   reset
0000a192   send_blocks
0000aeb4   send_byte
0000adbe   setup_ADC
0000abc0   setup_UART
0000ab24   signal


GLOBAL SYMBOLS: SORTED BY Symbol Address 

address    name
--------   ----
00000000   IE1
00000001   IE2
00000001   __TI_args_main
00000001   __TI_exit
00000002   IFG1
00000003   IFG2
00000010   P3REN
00000011   P4REN
00000018   P3IN
00000019   P3OUT
0000001a   P3DIR
0000001b   P3SEL
0000001c   P4IN
0000001d   P4OUT
0000001e   P4DIR
0000001f   P4SEL
00000020   P1IN
00000021   P1OUT
00000022   P1DIR
00000023   P1IFG
00000024   P1IES
00000025   P1IE
00000026   P1SEL
00000027   P1REN
00000028   P2IN
00000029   P2OUT
0000002a   P2DIR
0000002b   P2IFG
0000002c   P2IES
0000002d   P2IE
0000002e   P2SEL
0000002f   P2REN
00000048   ADC10DTC0
00000049   ADC10DTC1
0000004a   ADC10AE0
0000004b   ADC10AE1
00000050   __STACK_SIZE
00000053   BCSCTL3
00000056   DCOCTL
00000057   BCSCTL1
00000058   BCSCTL2
0000005d   UCA0ABCTL
0000005e   UCA0IRTCTL
0000005f   UCA0IRRCTL
00000060   UCA0CTL0
00000061   UCA0CTL1
00000062   UCA0BR0
00000063   UCA0BR1
00000064   UCA0MCTL
00000065   UCA0STAT
00000066   UCA0RXBUF
00000067   UCA0TXBUF
00000068   UCB0CTL0
00000069   UCB0CTL1
0000006a   UCB0BR0
0000006b   UCB0BR1
0000006c   UCB0I2CIE
0000006d   UCB0STAT
0000006e   UCB0RXBUF
0000006f   UCB0TXBUF
000000c0   OA0CTL0
000000c1   OA0CTL1
000000c2   OA1CTL0
000000c3   OA1CTL1
00000118   UCB0I2COA
0000011a   UCB0I2CSA
0000011e   TBIV
00000120   WDTCTL
00000128   FCTL1
0000012a   FCTL2
0000012c   FCTL3
0000012e   TAIV
00000160   TACTL
00000162   TACCTL0
00000164   TACCTL1
00000166   TACCTL2
00000170   TAR
00000172   TACCR0
00000174   TACCR1
00000176   TACCR2
00000180   TBCTL
00000182   TBCCTL0
00000184   TBCCTL1
00000186   TBCCTL2
00000190   TBR
00000192   TBCCR0
00000194   TBCCR1
00000196   TBCCR2
000001b0   ADC10CTL0
000001b2   ADC10CTL1
000001b4   ADC10MEM
000001bc   ADC10SA
00000200   _Denorm
00000210   _Eps
00000220   _Hugeval
00000230   _Inf
00000240   _Nan
00000250   _Snan
00000260   _Rteps
00000270   _Xbig
00000278   _Zero
00000280   _FDenorm
00000290   _FEps
000002a0   _FInf
000002b0   _FNan
000002c0   _FSnan
000002d0   _FRteps
000002e0   _FXbig
000002e4   _FZero
00000340   _Fenv
00000344   _Tls_setup__Fenv
00000346   _lock
00000348   _unlock
0000034a   _Errno
0000034c   res
000005b0   _stack
00000600   __STACK_END
000010f8   CALDCO_16MHZ
000010f9   CALBC1_16MHZ
000010fa   CALDCO_12MHZ
000010fb   CALBC1_12MHZ
000010fc   CALDCO_8MHZ
000010fd   CALBC1_8MHZ
000010fe   CALDCO_1MHZ
000010ff   CALBC1_1MHZ
00008000   pow
000086a4   __TI_frcdivd
00008b06   _Log
00008f60   _Exp
000092fc   __TI_frcmpyd
000095f0   __mspabi_addd
000098d8   __mspabi_mpyd
00009b46   __TI_frcaddd
00009da6   __mspabi_divd
00009fde   _Dscale
0000a192   send_blocks
0000a31e   _Dnorm
0000a42e   __mspabi_cmpd
0000a50a   _Dint
0000a5d6   __TI_renormd
0000a694   __mspabi_fltlid
0000a736   __mspabi_fltuld
0000a7b6   _Dunscale
0000a832   __mspabi_fixdli
0000a8a4   __mspabi_cvtfd
0000a96a   _auto_init
0000a9c8   __mspabi_srll_15
0000a9ce   __mspabi_srll_14
0000a9d4   __mspabi_srll_13
0000a9da   __mspabi_srll_12
0000a9e0   __mspabi_srll_11
0000a9e6   __mspabi_srll_10
0000a9ec   __mspabi_srll_9
0000a9f2   __mspabi_srll_8
0000a9f8   __mspabi_srll_7
0000a9fe   __mspabi_srll_6
0000aa04   __mspabi_srll_5
0000aa0a   __mspabi_srll_4
0000aa10   __mspabi_srll_3
0000aa16   __mspabi_srll_2
0000aa1c   __mspabi_srll_1
0000aa24   __mspabi_srli
0000aa32   __mspabi_srli_15
0000aa36   __mspabi_srli_14
0000aa3a   __mspabi_srli_13
0000aa3e   __mspabi_srli_12
0000aa42   __mspabi_srli_11
0000aa46   __mspabi_srli_10
0000aa4a   __mspabi_srli_9
0000aa4e   __mspabi_srli_8
0000aa52   __mspabi_srli_7
0000aa56   __mspabi_srli_6
0000aa5a   __mspabi_srli_5
0000aa5e   __mspabi_srli_4
0000aa62   __mspabi_srli_3
0000aa66   __mspabi_srli_2
0000aa6a   __mspabi_srli_1
0000aa70   __mspabi_sral_15
0000aa74   __mspabi_sral_14
0000aa78   __mspabi_sral_13
0000aa7c   __mspabi_sral_12
0000aa80   __mspabi_sral_11
0000aa84   __mspabi_sral_10
0000aa88   __mspabi_sral_9
0000aa8c   __mspabi_sral_8
0000aa90   __mspabi_sral_7
0000aa94   __mspabi_sral_6
0000aa98   __mspabi_sral_5
0000aa9c   __mspabi_sral_4
0000aaa0   __mspabi_sral_3
0000aaa4   __mspabi_sral_2
0000aaa8   __mspabi_sral_1
0000aaae   __mspabi_slll_15
0000aab2   __mspabi_slll_14
0000aab6   __mspabi_slll_13
0000aaba   __mspabi_slll_12
0000aabe   __mspabi_slll_11
0000aac2   __mspabi_slll_10
0000aac6   __mspabi_slll_9
0000aaca   __mspabi_slll_8
0000aace   __mspabi_slll_7
0000aad2   __mspabi_slll_6
0000aad6   __mspabi_slll_5
0000aada   __mspabi_slll_4
0000aade   __mspabi_slll_3
0000aae2   __mspabi_slll_2
0000aae6   __mspabi_slll_1
0000aaec   main
0000ab24   signal
0000ab5c   _Feraise
0000ab8e   raise
0000abc0   setup_UART
0000abf0   __mspabi_subd
0000ac1e   feraiseexcept
0000ac4c   reset
0000ac7a   __mspabi_srai
0000ac86   __mspabi_srai_15
0000ac88   __mspabi_srai_14
0000ac8a   __mspabi_srai_13
0000ac8c   __mspabi_srai_12
0000ac8e   __mspabi_srai_11
0000ac90   __mspabi_srai_10
0000ac92   __mspabi_srai_9
0000ac94   __mspabi_srai_8
0000ac96   __mspabi_srai_7
0000ac98   __mspabi_srai_6
0000ac9a   __mspabi_srai_5
0000ac9c   __mspabi_srai_4
0000ac9e   __mspabi_srai_3
0000aca0   __mspabi_srai_2
0000aca2   __mspabi_srai_1
0000aca6   __mspabi_divi
0000aca6   __mspabi_remi
0000acd2   __mspabi_slli
0000acde   __mspabi_slli_15
0000ace0   __mspabi_slli_14
0000ace2   __mspabi_slli_13
0000ace4   __mspabi_slli_12
0000ace6   __mspabi_slli_11
0000ace8   __mspabi_slli_10
0000acea   __mspabi_slli_9
0000acec   __mspabi_slli_8
0000acee   __mspabi_slli_7
0000acf0   __mspabi_slli_6
0000acf2   __mspabi_slli_5
0000acf4   __mspabi_slli_4
0000acf6   __mspabi_slli_3
0000acf8   __mspabi_slli_2
0000acfa   __mspabi_slli_1
0000acfe   __mspabi_negd
0000ad28   __mspabi_fixdi
0000ad50   __mspabi_mpyl
0000ad76   ADC10_ISR
0000ad9a   println
0000adbe   setup_ADC
0000addc   _c_int00
0000addc   _c_int00_noexit
0000adf6   __mspabi_divu
0000adf6   __mspabi_remu
0000ae0c   __TI_zero_init
0000ae20   __mspabi_mpyi
0000ae34   __TI_decompress_none
0000ae46   __mspabi_srll
0000ae58   memcpy
0000ae6a   __mspabi_sral
0000ae7a   __mspabi_slll
0000ae8a   __mspabi_func_epilog_7
0000ae8c   __mspabi_func_epilog_6
0000ae8e   __mspabi_func_epilog_5
0000ae90   __mspabi_func_epilog_4
0000ae92   __mspabi_func_epilog_3
0000ae94   __mspabi_func_epilog_2
0000ae96   __mspabi_func_epilog_1
0000ae9a   log
0000aea8   __mspabi_fltid
0000aeb4   send_byte
0000aec0   __mspabi_negf
0000aeca   __TI_ISR_TRAP
0000aed0   __mspabi_fltud
0000aed6   __TI_decompress_rle24
0000aedc   _system_pre_init
0000aee0   C$$EXIT
0000aee0   abort
0000aee4   _nop
0000b00e   __TI_Handler_Table_Base
0000b014   __TI_Handler_Table_Limit
0000b018   __TI_CINIT_Base
0000b020   __TI_CINIT_Limit
0000ffe4   __TI_int02
0000ffe6   __TI_int03
0000ffea   __TI_int05
0000ffec   __TI_int06
0000ffee   __TI_int07
0000fff0   __TI_int08
0000fff2   __TI_int09
0000fff4   __TI_int10
0000fff8   __TI_int12
0000fffa   __TI_int13
0000fffc   __TI_int14
0000fffe   _reset_vector
ffffffff   __binit__
ffffffff   __c_args__
ffffffff   binit
UNDEFED    __TI_INITARRAY_Base
UNDEFED    __TI_INITARRAY_Limit

[305 symbols]
